Archive member included to satisfy reference by file (symbol)

c:/chibistudio/tools/gnu tools arm embedded/7.0 2017q4/bin/../lib/gcc/arm-none-eabi/7.2.1/../../../../arm-none-eabi/lib/thumb/v7e-m\libg.a(lib_a-reent.o)
                              ./build/obj/syscalls_cpp.o (symbol from plugin) (errno)
c:/chibistudio/tools/gnu tools arm embedded/7.0 2017q4/bin/../lib/gcc/arm-none-eabi/7.2.1/../../../../arm-none-eabi/lib/thumb/v7e-m\libg.a(lib_a-freer.o)
                              c:/chibistudio/tools/gnu tools arm embedded/7.0 2017q4/bin/../lib/gcc/arm-none-eabi/7.2.1/../../../../arm-none-eabi/lib/thumb/v7e-m\libg.a(lib_a-reent.o) (_free_r)
c:/chibistudio/tools/gnu tools arm embedded/7.0 2017q4/bin/../lib/gcc/arm-none-eabi/7.2.1/../../../../arm-none-eabi/lib/thumb/v7e-m\libg.a(lib_a-impure.o)
                              c:/chibistudio/tools/gnu tools arm embedded/7.0 2017q4/bin/../lib/gcc/arm-none-eabi/7.2.1/../../../../arm-none-eabi/lib/thumb/v7e-m\libg.a(lib_a-reent.o) (_impure_ptr)
c:/chibistudio/tools/gnu tools arm embedded/7.0 2017q4/bin/../lib/gcc/arm-none-eabi/7.2.1/../../../../arm-none-eabi/lib/thumb/v7e-m\libg.a(lib_a-mallocr.o)
                              c:/chibistudio/tools/gnu tools arm embedded/7.0 2017q4/bin/../lib/gcc/arm-none-eabi/7.2.1/../../../../arm-none-eabi/lib/thumb/v7e-m\libg.a(lib_a-freer.o) (__malloc_current_mallinfo)
c:/chibistudio/tools/gnu tools arm embedded/7.0 2017q4/bin/../lib/gcc/arm-none-eabi/7.2.1/../../../../arm-none-eabi/lib/thumb/v7e-m\libg.a(lib_a-mlock.o)
                              c:/chibistudio/tools/gnu tools arm embedded/7.0 2017q4/bin/../lib/gcc/arm-none-eabi/7.2.1/../../../../arm-none-eabi/lib/thumb/v7e-m\libg.a(lib_a-freer.o) (__malloc_lock)
c:/chibistudio/tools/gnu tools arm embedded/7.0 2017q4/bin/../lib/gcc/arm-none-eabi/7.2.1/../../../../arm-none-eabi/lib/thumb/v7e-m\libg.a(lib_a-sbrkr.o)
                              c:/chibistudio/tools/gnu tools arm embedded/7.0 2017q4/bin/../lib/gcc/arm-none-eabi/7.2.1/../../../../arm-none-eabi/lib/thumb/v7e-m\libg.a(lib_a-freer.o) (_sbrk_r)
c:/chibistudio/tools/gnu tools arm embedded/7.0 2017q4/bin/../lib/gcc/arm-none-eabi/7.2.1/../../../../arm-none-eabi/lib/thumb/v7e-m\libg.a(lib_a-lock.o)
                              c:/chibistudio/tools/gnu tools arm embedded/7.0 2017q4/bin/../lib/gcc/arm-none-eabi/7.2.1/../../../../arm-none-eabi/lib/thumb/v7e-m\libg.a(lib_a-mlock.o) (__retarget_lock_acquire_recursive)
c:/chibistudio/tools/gnu tools arm embedded/7.0 2017q4/bin/../lib/gcc/arm-none-eabi/7.2.1/thumb/v7e-m\libgcc.a(_aeabi_uldivmod.o)
                              C:\Users\Luczia\AppData\Local\Temp\cciA3SFO.ltrans0.ltrans.o (__aeabi_uldivmod)
c:/chibistudio/tools/gnu tools arm embedded/7.0 2017q4/bin/../lib/gcc/arm-none-eabi/7.2.1/thumb/v7e-m\libgcc.a(_udivmoddi4.o)
                              c:/chibistudio/tools/gnu tools arm embedded/7.0 2017q4/bin/../lib/gcc/arm-none-eabi/7.2.1/thumb/v7e-m\libgcc.a(_aeabi_uldivmod.o) (__udivmoddi4)
c:/chibistudio/tools/gnu tools arm embedded/7.0 2017q4/bin/../lib/gcc/arm-none-eabi/7.2.1/thumb/v7e-m\libgcc.a(_dvmd_tls.o)
                              c:/chibistudio/tools/gnu tools arm embedded/7.0 2017q4/bin/../lib/gcc/arm-none-eabi/7.2.1/thumb/v7e-m\libgcc.a(_aeabi_uldivmod.o) (__aeabi_ldiv0)
c:/chibistudio/tools/gnu tools arm embedded/7.0 2017q4/bin/../lib/gcc/arm-none-eabi/7.2.1/../../../../arm-none-eabi/lib/thumb/v7e-m\libg.a(lib_a-memcmp.o)
                              C:\Users\Luczia\AppData\Local\Temp\cciA3SFO.ltrans0.ltrans.o (memcmp)
c:/chibistudio/tools/gnu tools arm embedded/7.0 2017q4/bin/../lib/gcc/arm-none-eabi/7.2.1/../../../../arm-none-eabi/lib/thumb/v7e-m\libg.a(lib_a-memcpy.o)
                              C:\Users\Luczia\AppData\Local\Temp\cciA3SFO.ltrans0.ltrans.o (memcpy)
c:/chibistudio/tools/gnu tools arm embedded/7.0 2017q4/bin/../lib/gcc/arm-none-eabi/7.2.1/../../../../arm-none-eabi/lib/thumb/v7e-m\libg.a(lib_a-memset.o)
                              C:\Users\Luczia\AppData\Local\Temp\cciA3SFO.ltrans1.ltrans.o (memset)
c:/chibistudio/tools/gnu tools arm embedded/7.0 2017q4/bin/../lib/gcc/arm-none-eabi/7.2.1/../../../../arm-none-eabi/lib/thumb/v7e-m\libg.a(lib_a-strchr.o)
                              C:\Users\Luczia\AppData\Local\Temp\cciA3SFO.ltrans1.ltrans.o (strchr)
c:/chibistudio/tools/gnu tools arm embedded/7.0 2017q4/bin/../lib/gcc/arm-none-eabi/7.2.1/../../../../arm-none-eabi/lib/thumb/v7e-m\libg.a(lib_a-strcmp.o)
                              C:\Users\Luczia\AppData\Local\Temp\cciA3SFO.ltrans1.ltrans.o (strcmp)
c:/chibistudio/tools/gnu tools arm embedded/7.0 2017q4/bin/../lib/gcc/arm-none-eabi/7.2.1/../../../../arm-none-eabi/lib/thumb/v7e-m\libg.a(lib_a-strncmp.o)
                              C:\Users\Luczia\AppData\Local\Temp\cciA3SFO.ltrans1.ltrans.o (strncmp)
c:/chibistudio/tools/gnu tools arm embedded/7.0 2017q4/bin/../lib/gcc/arm-none-eabi/7.2.1/../../../../arm-none-eabi/lib/thumb/v7e-m\libg.a(lib_a-strncpy.o)
[...]
Memory Configuration

Name             Origin             Length             Attributes
flash0           0x08000000         0x00100000
flash1           0x00000000         0x00000000
flash2           0x00000000         0x00000000
flash3           0x00000000         0x00000000
flash4           0x00000000         0x00000000
flash5           0x00000000         0x00000000
flash6           0x00000000         0x00000000
flash7           0x00000000         0x00000000
ram0             0x20000000         0x00020000
ram1             0x20000000         0x0001c000
ram2             0x2001c000         0x00004000
ram3             0x00000000         0x00000000
ram4             0x10000000         0x00010000
ram5             0x40024000         0x00001000
ram6             0x00000000         0x00000000
ram7             0x00000000         0x00000000
*default*        0x00000000         0xffffffff

Linker script and memory map

LOAD ./build/obj/crt0_v7m.o
LOAD ./build/obj/vectors.o
LOAD ./build/obj/chcoreasm_v7m.o
LOAD C:\Users\Luczia\AppData\Local\Temp\cciA3SFO.ltrans0.ltrans.o
LOAD C:\Users\Luczia\AppData\Local\Temp\cciA3SFO.ltrans1.ltrans.o

.mstack         0x20000000      0x400
                0x20000000                . = ALIGN (0x8)
                0x20000000                __main_stack_base__ = .
                0x20000400                . = (. + __main_stack_size__)
 *fill*         0x20000000      0x400 
                0x20000400                . = ALIGN (0x8)
                0x20000400                __main_stack_end__ = .

.pstack         0x20000400      0x400
                0x20000400                . = ALIGN (0x8)
                0x20000400                __process_stack_base__ = .
                0x20000400                __main_thread_stack_base__ = .
                0x20000800                . = (. + __process_stack_size__)
 *fill*         0x20000400      0x400 
                0x20000800                . = ALIGN (0x8)
                0x20000800                __process_stack_end__ = .
                0x20000800                __main_thread_stack_end__ = .

.vectors        0x08000000      0x1e0
 *(.vectors)
 .vectors       0x08000000      0x1e0 ./build/obj/vectors.o
                0x08000000                _vectors

.xtors          0x080001e0        0x4
                0x080001e0                __init_array_start = .
 *(SORT_BY_NAME(.init_array.*))
 *(.init_array)
 .init_array    0x080001e0        0x4 C:\Users\Luczia\AppData\Local\Temp\cciA3SFO.ltrans0.ltrans.o
                0x080001e4                __init_array_end = .
                0x080001e4                __fini_array_start = .
 *(.fini_array)
 *(SORT_BY_NAME(.fini_array.*))
                0x080001e4                __fini_array_end = .

.text           0x08000200    0x157d0
                0x08000200                __text_base = .
 *(.text)
 .text          0x08000200       0xd8 ./build/obj/crt0_v7m.o
                0x08000200                _crt0_entry
 .text          0x080002d8        0x8 ./build/obj/vectors.o
                0x080002d8                Reset_Handler
                0x080002da                VectorE8
                0x080002da                Vector9C
                0x080002da                DebugMon_Handler
                0x080002da                Vector1A0
                0x080002da                Vector5C
                0x080002da                Vector11C
                0x080002da                HardFault_Handler
                0x080002da                Vector1B8
                0x080002da                Vector19C
                0x080002da                Vector8C
                0x080002da                SysTick_Handler
                0x080002da                VectorDC
                0x080002da                PendSV_Handler
                0x080002da                Vector168
                0x080002da                NMI_Handler
                0x080002da                Vector110
                0x080002da                Vector1D8
                0x080002da                VectorC8
                0x080002da                Vector94
                0x080002da                VectorA8
                0x080002da                VectorB4
                0x080002da                Vector160
                0x080002da                Vector1B0
                0x080002da                UsageFault_Handler
                0x080002da                VectorEC
                0x080002da                Vector40
                0x080002da                VectorF8
                0x080002da                Vector108
                0x080002da                VectorBC
                0x080002da                Vector190
                0x080002da                Vector1C4
                0x080002da                Vector1CC
                0x080002da                Vector148
                0x080002da                Vector188
                0x080002da                Vector198
                0x080002da                Vector118
                0x080002da                Vector64
                0x080002da                Vector58
                0x080002da                VectorCC
                0x080002da                Vector54
                0x080002da                Vector98
                0x080002da                Vector138
                0x080002da                Vector24
                0x080002da                Vector1AC
                0x080002da                Vector178
                0x080002da                Vector1A4
                0x080002da                VectorD0
                0x080002da                Vector1B4
                0x080002da                Vector140
                0x080002da                VectorE4
                0x080002da                VectorC0
                0x080002da                Vector1C0
                0x080002da                Vector134
                0x080002da                Vector1D0
                0x080002da                VectorF0
                0x080002da                Vector13C
                0x080002da                Vector100
                0x080002da                VectorE0
                0x080002da                VectorF4
                0x080002da                MemManage_Handler
                0x080002da                VectorA0
                0x080002da                VectorC4
                0x080002da                Vector180
                0x080002da                Vector90
                0x080002da                Vector114
                0x080002da                Vector164
                0x080002da                Vector60
                0x080002da                Vector1C
                0x080002da                Vector1BC
                0x080002da                Vector1D4
                0x080002da                Vector17C
                0x080002da                Vector48
                0x080002da                Vector1A8
                0x080002da                Vector16C
                0x080002da                VectorD4
                0x080002da                Vector4C
                0x080002da                Vector144
                0x080002da                Vector15C
                0x080002da                Vector68
                0x080002da                Vector20
                0x080002da                Vector170
                0x080002da                Vector88
                0x080002da                Vector104
                0x080002da                Vector184
                0x080002da                Vector10C
                0x080002da                BusFault_Handler
                0x080002da                Vector50
                0x080002da                Vector1C8
                0x080002da                Vector194
                0x080002da                Vector1DC
                0x080002da                Vector44
                0x080002da                Vector28
                0x080002da                VectorB8
                0x080002da                Vector34
                0x080002da                Vector18C
                0x080002de                _unhandled_exception
 .text          0x080002e0       0x34 ./build/obj/chcoreasm_v7m.o
                0x080002e0                _port_switch
                0x080002f0                _port_thread_start
                0x08000304                _port_switch_from_isr
                0x08000310                _port_exit_from_isr
 .text          0x08000314      0x134 c:/chibistudio/tools/gnu tools arm embedded/7.0 2017q4/bin/../lib/gcc/arm-none-eabi/7.2.1/../../../../arm-none-eabi/lib/thumb/v7e-m\libg.a(lib_a-memcpy.o)
                0x08000314                memcpy
 *fill*         0x08000448       0x18 
 .text          0x08000460      0x2dc c:/chibistudio/tools/gnu tools arm embedded/7.0 2017q4/bin/../lib/gcc/arm-none-eabi/7.2.1/../../../../arm-none-eabi/lib/thumb/v7e-m\libg.a(lib_a-strcmp.o)
                0x08000468                strcmp
 .text          0x0800073c       0x30 c:/chibistudio/tools/gnu tools arm embedded/7.0 2017q4/bin/../lib/gcc/arm-none-eabi/7.2.1/thumb/v7e-m\libgcc.a(_aeabi_uldivmod.o)
                0x0800073c                __aeabi_uldivmod
 .text          0x0800076c      0x2cc c:/chibistudio/tools/gnu tools arm embedded/7.0 2017q4/bin/../lib/gcc/arm-none-eabi/7.2.1/thumb/v7e-m\libgcc.a(_udivmoddi4.o)
                0x0800076c                __udivmoddi4
 .text          0x08000a38        0x4 c:/chibistudio/tools/gnu tools arm embedded/7.0 2017q4/bin/../lib/gcc/arm-none-eabi/7.2.1/thumb/v7e-m\libgcc.a(_dvmd_tls.o)
                0x08000a38                __aeabi_idiv0
                0x08000a38                __aeabi_ldiv0
 *(.text.*)
 *fill*         0x08000a3c        0x4 
 .text.test_execute
                0x08000a40      0x238 C:\Users\Luczia\AppData\Local\Temp\cciA3SFO.ltrans0.ltrans.o
                0x08000a40                test_execute
 *fill*         0x08000c78        0x8 
 .text.port_lock.lto_priv.18
                0x08000c80       0x10 C:\Users\Luczia\AppData\Local\Temp\cciA3SFO.ltrans0.ltrans.o
 .text.port_unlock.lto_priv.8
                0x08000c90       0x10 C:\Users\Luczia\AppData\Local\Temp\cciA3SFO.ltrans0.ltrans.o
 .text.st_lld_get_counter.lto_priv.115
                0x08000ca0        0xc C:\Users\Luczia\AppData\Local\Temp\cciA3SFO.ltrans0.ltrans.o
 *fill*         0x08000cac        0x4 
 .text.port_timer_get_time.lto_priv.110
                0x08000cb0        0xc C:\Users\Luczia\AppData\Local\Temp\cciA3SFO.ltrans0.ltrans.o
 *fill*         0x08000cbc        0x4 
 .text.chSysLock.lto_priv.74
                0x08000cc0        0xc C:\Users\Luczia\AppData\Local\Temp\cciA3SFO.ltrans0.ltrans.o
 *fill*         0x08000ccc        0x4 
 .text.chSysUnlock.lto_priv.38
                0x08000cd0       0x34 C:\Users\Luczia\AppData\Local\Temp\cciA3SFO.ltrans0.ltrans.o
 *fill*         0x08000d04        0xc 
 .text.chVTGetSystemTimeX.lto_priv.105
                0x08000d10        0xc C:\Users\Luczia\AppData\Local\Temp\cciA3SFO.ltrans0.ltrans.o
 *fill*         0x08000d1c        0x4 
 .text.chVTGetSystemTime
                0x08000d20       0x1c C:\Users\Luczia\AppData\Local\Temp\cciA3SFO.ltrans0.ltrans.o
 *fill*         0x08000d3c        0x4 
 .text.test_terminate_threads
                0x08000d40       0x3c C:\Users\Luczia\AppData\Local\Temp\cciA3SFO.ltrans0.ltrans.o
 *fill*         0x08000d7c        0x4 
 .text.test_wait_threads
                0x08000d80       0x44 C:\Users\Luczia\AppData\Local\Temp\cciA3SFO.ltrans0.ltrans.o
 *fill*         0x08000dc4        0xc 
 .text.test_wait_tick
                0x08000dd0       0x14 C:\Users\Luczia\AppData\Local\Temp\cciA3SFO.ltrans0.ltrans.o
 *fill*         0x08000de4        0xc 
 .text.rt_test_001_001_execute.lto_priv.743
                0x08000df0       0xa4 C:\Users\Luczia\AppData\Local\Temp\cciA3SFO.ltrans0.ltrans.o
                0x08000df0                rt_test_001_001_execute.lto_priv.743
 *fill*         0x08000e94        0xc 
 .text.rt_test_001_002_execute.lto_priv.744
                0x08000ea0       0x88 C:\Users\Luczia\AppData\Local\Temp\cciA3SFO.ltrans0.ltrans.o
                0x08000ea0                rt_test_001_002_execute.lto_priv.744
 *fill*         0x08000f28        0x8 
 .text.rt_test_001_003_execute.lto_priv.745
                0x08000f30      0x3dc C:\Users\Luczia\AppData\Local\Temp\cciA3SFO.ltrans0.ltrans.o
                0x08000f30                rt_test_001_003_execute.lto_priv.745
 *fill*         0x0800130c        0x4 
 .text.port_get_irq_status
                0x08001310       0x14 C:\Users\Luczia\AppData\Local\Temp\cciA3SFO.ltrans0.ltrans.o
 *fill*         0x08001324        0xc 
 .text.port_irq_enabled
                0x08001330       0x18 C:\Users\Luczia\AppData\Local\Temp\cciA3SFO.ltrans0.ltrans.o
 *fill*         0x08001348        0x8 
 .text.port_lock.lto_priv.19
                0x08001350       0x10 C:\Users\Luczia\AppData\Local\Temp\cciA3SFO.ltrans0.ltrans.o
 .text.port_unlock.lto_priv.9
                0x08001360       0x10 C:\Users\Luczia\AppData\Local\Temp\cciA3SFO.ltrans0.ltrans.o
 .text.port_lock_from_isr.lto_priv.6
                0x08001370        0x8 C:\Users\Luczia\AppData\Local\Temp\cciA3SFO.ltrans0.ltrans.o
 *fill*         0x08001378        0x8 
 .text.port_unlock_from_isr.lto_priv.4
                0x08001380        0x8 C:\Users\Luczia\AppData\Local\Temp\cciA3SFO.ltrans0.ltrans.o
 *fill*         0x08001388        0x8 
 .text.port_disable
                0x08001390        0x4 C:\Users\Luczia\AppData\Local\Temp\cciA3SFO.ltrans0.ltrans.o
 *fill*         0x08001394        0xc 
 .text.port_suspend
                0x080013a0       0x14 C:\Users\Luczia\AppData\Local\Temp\cciA3SFO.ltrans0.ltrans.o
 *fill*         0x080013b4        0xc 
 .text.port_enable
                0x080013c0       0x14 C:\Users\Luczia\AppData\Local\Temp\cciA3SFO.ltrans0.ltrans.o
 *fill*         0x080013d4        0xc 
 .text.st_lld_get_counter.lto_priv.116
                0x080013e0        0xc C:\Users\Luczia\AppData\Local\Temp\cciA3SFO.ltrans0.ltrans.o
 *fill*         0x080013ec        0x4 
 .text.port_timer_get_time.lto_priv.111
                0x080013f0        0xc C:\Users\Luczia\AppData\Local\Temp\cciA3SFO.ltrans0.ltrans.o
 *fill*         0x080013fc        0x4 
 .text.chSysDisable
                0x08001400        0xc C:\Users\Luczia\AppData\Local\Temp\cciA3SFO.ltrans0.ltrans.o
 *fill*         0x0800140c        0x4 
 .text.chSysSuspend
                0x08001410        0xc C:\Users\Luczia\AppData\Local\Temp\cciA3SFO.ltrans0.ltrans.o
 *fill*         0x0800141c        0x4 
 .text.chSysEnable
                0x08001420        0xc C:\Users\Luczia\AppData\Local\Temp\cciA3SFO.ltrans0.ltrans.o
 *fill*         0x0800142c        0x4 
 .text.chSysLock.lto_priv.75
                0x08001430        0xc C:\Users\Luczia\AppData\Local\Temp\cciA3SFO.ltrans0.ltrans.o
 *fill*         0x0800143c        0x4 
 .text.chSysUnlock.lto_priv.39
                0x08001440       0x34 C:\Users\Luczia\AppData\Local\Temp\cciA3SFO.ltrans0.ltrans.o
 *fill*         0x08001474        0xc 
 .text.chSysLockFromISR.lto_priv.2
                0x08001480        0xc C:\Users\Luczia\AppData\Local\Temp\cciA3SFO.ltrans0.ltrans.o
 *fill*         0x0800148c        0x4 
 .text.chSysUnlockFromISR.lto_priv.0
                0x08001490        0xc C:\Users\Luczia\AppData\Local\Temp\cciA3SFO.ltrans0.ltrans.o
 *fill*         0x0800149c        0x4 
 .text.chSysUnconditionalLock
                0x080014a0       0x1c C:\Users\Luczia\AppData\Local\Temp\cciA3SFO.ltrans0.ltrans.o
 *fill*         0x080014bc        0x4 
 .text.chSysUnconditionalUnlock
                0x080014c0       0x20 C:\Users\Luczia\AppData\Local\Temp\cciA3SFO.ltrans0.ltrans.o
 .text.chVTObjectInit
                0x080014e0       0x10 C:\Users\Luczia\AppData\Local\Temp\cciA3SFO.ltrans0.ltrans.o
 .text.chVTGetSystemTimeX.lto_priv.106
                0x080014f0        0xc C:\Users\Luczia\AppData\Local\Temp\cciA3SFO.ltrans0.ltrans.o
 *fill*         0x080014fc        0x4 
 .text.chVTIsArmedI
                0x08001500       0x20 C:\Users\Luczia\AppData\Local\Temp\cciA3SFO.ltrans0.ltrans.o
 .text.chVTIsArmed
                0x08001520       0x28 C:\Users\Luczia\AppData\Local\Temp\cciA3SFO.ltrans0.ltrans.o
 *fill*         0x08001548        0x8 
 .text.chVTResetI
                0x08001550       0x20 C:\Users\Luczia\AppData\Local\Temp\cciA3SFO.ltrans0.ltrans.o
 .text.chVTSetI
                0x08001570       0x24 C:\Users\Luczia\AppData\Local\Temp\cciA3SFO.ltrans0.ltrans.o
 *fill*         0x08001594        0xc 
 .text.chVTSet  0x080015a0       0x28 C:\Users\Luczia\AppData\Local\Temp\cciA3SFO.ltrans0.ltrans.o
 *fill*         0x080015c8        0x8 
 .text.vtcb     0x080015d0       0x28 C:\Users\Luczia\AppData\Local\Temp\cciA3SFO.ltrans0.ltrans.o
 *fill*         0x080015f8        0x8 
 .text.rt_test_002_001_execute.lto_priv.746
                0x08001600      0x120 C:\Users\Luczia\AppData\Local\Temp\cciA3SFO.ltrans0.ltrans.o
                0x08001600                rt_test_002_001_execute.lto_priv.746
 .text.rt_test_002_002_execute.lto_priv.747
                0x08001720       0xb4 C:\Users\Luczia\AppData\Local\Temp\cciA3SFO.ltrans0.ltrans.o
                0x08001720                rt_test_002_002_execute.lto_priv.747
 *fill*         0x080017d4        0xc 
 .text.rt_test_002_003_execute.lto_priv.748
                0x080017e0       0x20 C:\Users\Luczia\AppData\Local\Temp\cciA3SFO.ltrans0.ltrans.o
                0x080017e0                rt_test_002_003_execute.lto_priv.748
 .text.rt_test_002_004_execute.lto_priv.749
                0x08001800       0x28 C:\Users\Luczia\AppData\Local\Temp\cciA3SFO.ltrans0.ltrans.o
                0x08001800                rt_test_002_004_execute.lto_priv.749
 *fill*         0x08001828        0x8 
 .text.chTimeAddX.lto_priv.120
                0x08001830       0x14 C:\Users\Luczia\AppData\Local\Temp\cciA3SFO.ltrans0.ltrans.o
 *fill*         0x08001844        0xc 
 .text.port_lock.lto_priv.20
                0x08001850       0x10 C:\Users\Luczia\AppData\Local\Temp\cciA3SFO.ltrans0.ltrans.o
 .text.port_unlock.lto_priv.10
                0x08001860       0x10 C:\Users\Luczia\AppData\Local\Temp\cciA3SFO.ltrans0.ltrans.o
 .text.st_lld_get_counter.lto_priv.117
                0x08001870        0xc C:\Users\Luczia\AppData\Local\Temp\cciA3SFO.ltrans0.ltrans.o
 *fill*         0x0800187c        0x4 
 .text.port_timer_get_time.lto_priv.112
                0x08001880        0xc C:\Users\Luczia\AppData\Local\Temp\cciA3SFO.ltrans0.ltrans.o
 *fill*         0x0800188c        0x4 
 .text.chSysLock.lto_priv.76
                0x08001890        0xc C:\Users\Luczia\AppData\Local\Temp\cciA3SFO.ltrans0.ltrans.o
 *fill*         0x0800189c        0x4 
 .text.chSysUnlock.lto_priv.40
                0x080018a0       0x34 C:\Users\Luczia\AppData\Local\Temp\cciA3SFO.ltrans0.ltrans.o
 *fill*         0x080018d4        0xc 
 .text.chVTGetSystemTimeX.lto_priv.107
                0x080018e0        0xc C:\Users\Luczia\AppData\Local\Temp\cciA3SFO.ltrans0.ltrans.o
 *fill*         0x080018ec        0x4 
 .text.chThdGetSelfX.lto_priv.97
                0x080018f0        0xc C:\Users\Luczia\AppData\Local\Temp\cciA3SFO.ltrans0.ltrans.o
 *fill*         0x080018fc        0x4 
 .text.chThdGetPriorityX.lto_priv.89
                0x08001900       0x10 C:\Users\Luczia\AppData\Local\Temp\cciA3SFO.ltrans0.ltrans.o
 .text.thread   0x08001910       0x18 C:\Users\Luczia\AppData\Local\Temp\cciA3SFO.ltrans0.ltrans.o
 *fill*         0x08001928        0x8 
 .text.rt_test_003_001_execute.lto_priv.750
                0x08001930      0x134 C:\Users\Luczia\AppData\Local\Temp\cciA3SFO.ltrans0.ltrans.o
                0x08001930                rt_test_003_001_execute.lto_priv.750
 *fill*         0x08001a64        0xc 
 .text.rt_test_003_002_execute.lto_priv.751
                0x08001a70      0x278 C:\Users\Luczia\AppData\Local\Temp\cciA3SFO.ltrans0.ltrans.o
                0x08001a70                rt_test_003_002_execute.lto_priv.751
 *fill*         0x08001ce8        0x8 
 .text.rt_test_003_003_execute.lto_priv.752
                0x08001cf0       0xb4 C:\Users\Luczia\AppData\Local\Temp\cciA3SFO.ltrans0.ltrans.o
                0x08001cf0                rt_test_003_003_execute.lto_priv.752
 *fill*         0x08001da4        0xc 
 .text.rt_test_003_004_execute.lto_priv.753
                0x08001db0      0x16c C:\Users\Luczia\AppData\Local\Temp\cciA3SFO.ltrans0.ltrans.o
                0x08001db0                rt_test_003_004_execute.lto_priv.753
 *fill*         0x08001f1c        0x4 
 .text.chTimeAddX.lto_priv.121
                0x08001f20       0x14 C:\Users\Luczia\AppData\Local\Temp\cciA3SFO.ltrans0.ltrans.o
 *fill*         0x08001f34        0xc 
 .text.port_lock.lto_priv.21
                0x08001f40       0x10 C:\Users\Luczia\AppData\Local\Temp\cciA3SFO.ltrans0.ltrans.o
 .text.port_unlock.lto_priv.11
                0x08001f50       0x10 C:\Users\Luczia\AppData\Local\Temp\cciA3SFO.ltrans0.ltrans.o
 .text.st_lld_get_counter.lto_priv.118
                0x08001f60        0xc C:\Users\Luczia\AppData\Local\Temp\cciA3SFO.ltrans0.ltrans.o
 *fill*         0x08001f6c        0x4 
 .text.port_timer_get_time.lto_priv.113
                0x08001f70        0xc C:\Users\Luczia\AppData\Local\Temp\cciA3SFO.ltrans0.ltrans.o
 *fill*         0x08001f7c        0x4 
 .text.chSysLock.lto_priv.77
                0x08001f80        0xc C:\Users\Luczia\AppData\Local\Temp\cciA3SFO.ltrans0.ltrans.o
 *fill*         0x08001f8c        0x4 
 .text.chSysUnlock.lto_priv.41
                0x08001f90       0x34 C:\Users\Luczia\AppData\Local\Temp\cciA3SFO.ltrans0.ltrans.o
 *fill*         0x08001fc4        0xc 
 .text.chVTGetSystemTimeX.lto_priv.108
                0x08001fd0        0xc C:\Users\Luczia\AppData\Local\Temp\cciA3SFO.ltrans0.ltrans.o
 *fill*         0x08001fdc        0x4 
 .text.chThdGetSelfX.lto_priv.98
                0x08001fe0        0xc C:\Users\Luczia\AppData\Local\Temp\cciA3SFO.ltrans0.ltrans.o
 *fill*         0x08001fec        0x4 
 .text.chThdGetPriorityX.lto_priv.90
                0x08001ff0       0x10 C:\Users\Luczia\AppData\Local\Temp\cciA3SFO.ltrans0.ltrans.o
 .text.thread1.lto_priv.125
                0x08002000       0x30 C:\Users\Luczia\AppData\Local\Temp\cciA3SFO.ltrans0.ltrans.o
 .text.rt_test_004_001_setup.lto_priv.754
                0x08002030        0xc C:\Users\Luczia\AppData\Local\Temp\cciA3SFO.ltrans0.ltrans.o
                0x08002030                rt_test_004_001_setup.lto_priv.754
 *fill*         0x0800203c        0x4 
 .text.rt_test_004_001_execute.lto_priv.755
                0x08002040      0x11c C:\Users\Luczia\AppData\Local\Temp\cciA3SFO.ltrans0.ltrans.o
                0x08002040                rt_test_004_001_execute.lto_priv.755
 *fill*         0x0800215c        0x4 
 .text.chTimeAddX.lto_priv.122
                0x08002160       0x14 C:\Users\Luczia\AppData\Local\Temp\cciA3SFO.ltrans0.ltrans.o
 *fill*         0x08002174        0xc 
 .text.port_lock.lto_priv.22
                0x08002180       0x10 C:\Users\Luczia\AppData\Local\Temp\cciA3SFO.ltrans0.ltrans.o
 .text.port_unlock.lto_priv.12
                0x08002190       0x10 C:\Users\Luczia\AppData\Local\Temp\cciA3SFO.ltrans0.ltrans.o
 .text.queue_isempty.lto_priv.128
                0x080021a0       0x1c C:\Users\Luczia\AppData\Local\Temp\cciA3SFO.ltrans0.ltrans.o
 *fill*         0x080021bc        0x4 
 .text.chSysLock.lto_priv.78
                0x080021c0        0xc C:\Users\Luczia\AppData\Local\Temp\cciA3SFO.ltrans0.ltrans.o
 *fill*         0x080021cc        0x4 
 .text.chSysUnlock.lto_priv.42
                0x080021d0       0x34 C:\Users\Luczia\AppData\Local\Temp\cciA3SFO.ltrans0.ltrans.o
 *fill*         0x08002204        0xc 
 .text.chThdGetSelfX.lto_priv.99
                0x08002210        0xc C:\Users\Luczia\AppData\Local\Temp\cciA3SFO.ltrans0.ltrans.o
 *fill*         0x0800221c        0x4 
 .text.chThdGetPriorityX.lto_priv.91
                0x08002220       0x10 C:\Users\Luczia\AppData\Local\Temp\cciA3SFO.ltrans0.ltrans.o
 .text.chSemGetCounterI
                0x08002230       0x18 C:\Users\Luczia\AppData\Local\Temp\cciA3SFO.ltrans0.ltrans.o
 *fill*         0x08002248        0x8 
 .text.chBSemObjectInit
                0x08002250       0x28 C:\Users\Luczia\AppData\Local\Temp\cciA3SFO.ltrans0.ltrans.o
 *fill*         0x08002278        0x8 
 .text.chBSemWait
                0x08002280       0x18 C:\Users\Luczia\AppData\Local\Temp\cciA3SFO.ltrans0.ltrans.o
 *fill*         0x08002298        0x8 
 .text.chBSemReset
                0x080022a0       0x28 C:\Users\Luczia\AppData\Local\Temp\cciA3SFO.ltrans0.ltrans.o
 *fill*         0x080022c8        0x8 
 .text.chBSemSignalI
                0x080022d0       0x20 C:\Users\Luczia\AppData\Local\Temp\cciA3SFO.ltrans0.ltrans.o
 .text.chBSemSignal
                0x080022f0       0x20 C:\Users\Luczia\AppData\Local\Temp\cciA3SFO.ltrans0.ltrans.o
 .text.chBSemGetStateI
                0x08002310       0x20 C:\Users\Luczia\AppData\Local\Temp\cciA3SFO.ltrans0.ltrans.o
 .text.osalSysLock.lto_priv.35
                0x08002330        0x8 C:\Users\Luczia\AppData\Local\Temp\cciA3SFO.ltrans0.ltrans.o
 *fill*         0x08002338        0x8 
 .text.osalSysUnlock.lto_priv.32
                0x08002340        0x8 C:\Users\Luczia\AppData\Local\Temp\cciA3SFO.ltrans0.ltrans.o
 *fill*         0x08002348        0x8 
 .text.thread1.lto_priv.126
                0x08002350       0x20 C:\Users\Luczia\AppData\Local\Temp\cciA3SFO.ltrans0.ltrans.o
 .text.thread2  0x08002370       0x2c C:\Users\Luczia\AppData\Local\Temp\cciA3SFO.ltrans0.ltrans.o
 *fill*         0x0800239c        0x4 
 .text.thread3  0x080023a0       0x1c C:\Users\Luczia\AppData\Local\Temp\cciA3SFO.ltrans0.ltrans.o
 *fill*         0x080023bc        0x4 
 .text.thread4  0x080023c0       0x14 C:\Users\Luczia\AppData\Local\Temp\cciA3SFO.ltrans0.ltrans.o
 *fill*         0x080023d4        0xc 
 .text.rt_test_005_001_setup.lto_priv.756
                0x080023e0       0x10 C:\Users\Luczia\AppData\Local\Temp\cciA3SFO.ltrans0.ltrans.o
                0x080023e0                rt_test_005_001_setup.lto_priv.756
 .text.rt_test_005_001_teardown.lto_priv.757
                0x080023f0       0x10 C:\Users\Luczia\AppData\Local\Temp\cciA3SFO.ltrans0.ltrans.o
                0x080023f0                rt_test_005_001_teardown.lto_priv.757
 .text.rt_test_005_001_execute.lto_priv.758
                0x08002400       0xe8 C:\Users\Luczia\AppData\Local\Temp\cciA3SFO.ltrans0.ltrans.o
                0x08002400                rt_test_005_001_execute.lto_priv.758
 *fill*         0x080024e8        0x8 
 .text.rt_test_005_002_setup.lto_priv.759
                0x080024f0       0x10 C:\Users\Luczia\AppData\Local\Temp\cciA3SFO.ltrans0.ltrans.o
                0x080024f0                rt_test_005_002_setup.lto_priv.759
 .text.rt_test_005_002_execute.lto_priv.760
                0x08002500      0x118 C:\Users\Luczia\AppData\Local\Temp\cciA3SFO.ltrans0.ltrans.o
                0x08002500                rt_test_005_002_execute.lto_priv.760
 *fill*         0x08002618        0x8 
 .text.rt_test_005_003_setup.lto_priv.761
                0x08002620       0x10 C:\Users\Luczia\AppData\Local\Temp\cciA3SFO.ltrans0.ltrans.o
                0x08002620                rt_test_005_003_setup.lto_priv.761
 .text.rt_test_005_003_execute.lto_priv.762
                0x08002630      0x1d0 C:\Users\Luczia\AppData\Local\Temp\cciA3SFO.ltrans0.ltrans.o
                0x08002630                rt_test_005_003_execute.lto_priv.762
 .text.rt_test_005_004_setup.lto_priv.763
                0x08002800       0x10 C:\Users\Luczia\AppData\Local\Temp\cciA3SFO.ltrans0.ltrans.o
                0x08002800                rt_test_005_004_setup.lto_priv.763
 .text.rt_test_005_004_execute.lto_priv.764
                0x08002810       0xa4 C:\Users\Luczia\AppData\Local\Temp\cciA3SFO.ltrans0.ltrans.o
                0x08002810                rt_test_005_004_execute.lto_priv.764
 *fill*         0x080028b4        0xc 
 .text.rt_test_005_005_setup.lto_priv.765
                0x080028c0       0x10 C:\Users\Luczia\AppData\Local\Temp\cciA3SFO.ltrans0.ltrans.o
                0x080028c0                rt_test_005_005_setup.lto_priv.765
 .text.rt_test_005_005_teardown.lto_priv.766
                0x080028d0        0x8 C:\Users\Luczia\AppData\Local\Temp\cciA3SFO.ltrans0.ltrans.o
                0x080028d0                rt_test_005_005_teardown.lto_priv.766
 *fill*         0x080028d8        0x8 
 .text.rt_test_005_005_execute.lto_priv.767
                0x080028e0       0xc8 C:\Users\Luczia\AppData\Local\Temp\cciA3SFO.ltrans0.ltrans.o
                0x080028e0                rt_test_005_005_execute.lto_priv.767
 *fill*         0x080029a8        0x8 
 .text.rt_test_005_006_teardown.lto_priv.768
                0x080029b0        0x8 C:\Users\Luczia\AppData\Local\Temp\cciA3SFO.ltrans0.ltrans.o
                0x080029b0                rt_test_005_006_teardown.lto_priv.768
 *fill*         0x080029b8        0x8 
 .text.rt_test_005_006_execute.lto_priv.769
                0x080029c0      0x204 C:\Users\Luczia\AppData\Local\Temp\cciA3SFO.ltrans0.ltrans.o
                0x080029c0                rt_test_005_006_execute.lto_priv.769
 *fill*         0x08002bc4        0xc 
 .text.port_lock.lto_priv.23
                0x08002bd0       0x10 C:\Users\Luczia\AppData\Local\Temp\cciA3SFO.ltrans0.ltrans.o
 .text.port_unlock.lto_priv.13
                0x08002be0       0x10 C:\Users\Luczia\AppData\Local\Temp\cciA3SFO.ltrans0.ltrans.o
 .text.queue_isempty.lto_priv.129
                0x08002bf0       0x1c C:\Users\Luczia\AppData\Local\Temp\cciA3SFO.ltrans0.ltrans.o
 *fill*         0x08002c0c        0x4 
 .text.chSysLock.lto_priv.79
                0x08002c10        0xc C:\Users\Luczia\AppData\Local\Temp\cciA3SFO.ltrans0.ltrans.o
 *fill*         0x08002c1c        0x4 
 .text.chSysUnlock.lto_priv.43
                0x08002c20       0x34 C:\Users\Luczia\AppData\Local\Temp\cciA3SFO.ltrans0.ltrans.o
 *fill*         0x08002c54        0xc 
 .text.chThdGetSelfX.lto_priv.100
                0x08002c60        0xc C:\Users\Luczia\AppData\Local\Temp\cciA3SFO.ltrans0.ltrans.o
 *fill*         0x08002c6c        0x4 
 .text.chThdGetPriorityX.lto_priv.92
                0x08002c70       0x10 C:\Users\Luczia\AppData\Local\Temp\cciA3SFO.ltrans0.ltrans.o
 .text.thread1.lto_priv.127
                0x08002c80       0x28 C:\Users\Luczia\AppData\Local\Temp\cciA3SFO.ltrans0.ltrans.o
 *fill*         0x08002ca8        0x8 
 .text.thread4A
                0x08002cb0       0x24 C:\Users\Luczia\AppData\Local\Temp\cciA3SFO.ltrans0.ltrans.o
 *fill*         0x08002cd4        0xc 
 .text.thread4B
                0x08002ce0       0x30 C:\Users\Luczia\AppData\Local\Temp\cciA3SFO.ltrans0.ltrans.o
 .text.thread6  0x08002d10       0x30 C:\Users\Luczia\AppData\Local\Temp\cciA3SFO.ltrans0.ltrans.o
 .text.thread8  0x08002d40       0x44 C:\Users\Luczia\AppData\Local\Temp\cciA3SFO.ltrans0.ltrans.o
 *fill*         0x08002d84        0xc 
 .text.thread9  0x08002d90       0x28 C:\Users\Luczia\AppData\Local\Temp\cciA3SFO.ltrans0.ltrans.o
 *fill*         0x08002db8        0x8 
 .text.rt_test_006_001_setup.lto_priv.770
                0x08002dc0       0x10 C:\Users\Luczia\AppData\Local\Temp\cciA3SFO.ltrans0.ltrans.o
                0x08002dc0                rt_test_006_001_setup.lto_priv.770
 .text.rt_test_006_001_execute.lto_priv.771
                0x08002dd0      0x120 C:\Users\Luczia\AppData\Local\Temp\cciA3SFO.ltrans0.ltrans.o
                0x08002dd0                rt_test_006_001_execute.lto_priv.771
 .text.rt_test_006_004_setup.lto_priv.772
                0x08002ef0       0x18 C:\Users\Luczia\AppData\Local\Temp\cciA3SFO.ltrans0.ltrans.o
                0x08002ef0                rt_test_006_004_setup.lto_priv.772
 *fill*         0x08002f08        0x8 
 .text.rt_test_006_004_teardown.lto_priv.773
                0x08002f10        0x8 C:\Users\Luczia\AppData\Local\Temp\cciA3SFO.ltrans0.ltrans.o
                0x08002f10                rt_test_006_004_teardown.lto_priv.773
 *fill*         0x08002f18        0x8 
 .text.rt_test_006_004_execute.lto_priv.774
                0x08002f20      0x18c C:\Users\Luczia\AppData\Local\Temp\cciA3SFO.ltrans0.ltrans.o
                0x08002f20                rt_test_006_004_execute.lto_priv.774
 *fill*         0x080030ac        0x4 
 .text.rt_test_006_005_setup.lto_priv.775
                0x080030b0       0x10 C:\Users\Luczia\AppData\Local\Temp\cciA3SFO.ltrans0.ltrans.o
                0x080030b0                rt_test_006_005_setup.lto_priv.775
 .text.rt_test_006_005_execute.lto_priv.776
                0x080030c0      0x1a8 C:\Users\Luczia\AppData\Local\Temp\cciA3SFO.ltrans0.ltrans.o
                0x080030c0                rt_test_006_005_execute.lto_priv.776
 *fill*         0x08003268        0x8 
 .text.rt_test_006_007_setup.lto_priv.777
                0x08003270       0x18 C:\Users\Luczia\AppData\Local\Temp\cciA3SFO.ltrans0.ltrans.o
                0x08003270                rt_test_006_007_setup.lto_priv.777
 *fill*         0x08003288        0x8 
 .text.rt_test_006_007_execute.lto_priv.778
                0x08003290      0x110 C:\Users\Luczia\AppData\Local\Temp\cciA3SFO.ltrans0.ltrans.o
                0x08003290                rt_test_006_007_execute.lto_priv.778
 .text.rt_test_006_008_setup.lto_priv.779
                0x080033a0       0x18 C:\Users\Luczia\AppData\Local\Temp\cciA3SFO.ltrans0.ltrans.o
                0x080033a0                rt_test_006_008_setup.lto_priv.779
 *fill*         0x080033b8        0x8 
 .text.rt_test_006_008_execute.lto_priv.780
                0x080033c0       0xec C:\Users\Luczia\AppData\Local\Temp\cciA3SFO.ltrans0.ltrans.o
                0x080033c0                rt_test_006_008_execute.lto_priv.780
 *fill*         0x080034ac        0x4 
 .text.rt_test_006_009_setup.lto_priv.781
                0x080034b0       0x24 C:\Users\Luczia\AppData\Local\Temp\cciA3SFO.ltrans0.ltrans.o
                0x080034b0                rt_test_006_009_setup.lto_priv.781
 *fill*         0x080034d4        0xc 
 .text.rt_test_006_009_execute.lto_priv.782
                0x080034e0       0xd8 C:\Users\Luczia\AppData\Local\Temp\cciA3SFO.ltrans0.ltrans.o
                0x080034e0                rt_test_006_009_execute.lto_priv.782
 *fill*         0x080035b8        0x8 
 .text.chThdGetSelfX.lto_priv.101
                0x080035c0        0xc C:\Users\Luczia\AppData\Local\Temp\cciA3SFO.ltrans0.ltrans.o
 *fill*         0x080035cc        0x4 
 .text.chThdGetPriorityX.lto_priv.93
                0x080035d0       0x10 C:\Users\Luczia\AppData\Local\Temp\cciA3SFO.ltrans0.ltrans.o
 .text.chMsgGet.lto_priv.85
                0x080035e0       0x28 C:\Users\Luczia\AppData\Local\Temp\cciA3SFO.ltrans0.ltrans.o
 *fill*         0x08003608        0x8 
 .text.msg_thread1
                0x08003610       0x2c C:\Users\Luczia\AppData\Local\Temp\cciA3SFO.ltrans0.ltrans.o
 *fill*         0x0800363c        0x4 
 .text.rt_test_007_001_execute.lto_priv.783
                0x08003640       0x94 C:\Users\Luczia\AppData\Local\Temp\cciA3SFO.ltrans0.ltrans.o
                0x08003640                rt_test_007_001_execute.lto_priv.783
 *fill*         0x080036d4        0xc 
 .text.chTimeAddX.lto_priv.123
                0x080036e0       0x14 C:\Users\Luczia\AppData\Local\Temp\cciA3SFO.ltrans0.ltrans.o
 *fill*         0x080036f4        0xc 
 .text.port_lock.lto_priv.24
                0x08003700       0x10 C:\Users\Luczia\AppData\Local\Temp\cciA3SFO.ltrans0.ltrans.o
 .text.port_unlock.lto_priv.14
                0x08003710       0x10 C:\Users\Luczia\AppData\Local\Temp\cciA3SFO.ltrans0.ltrans.o
 .text.chSysLock.lto_priv.80
                0x08003720        0xc C:\Users\Luczia\AppData\Local\Temp\cciA3SFO.ltrans0.ltrans.o
 *fill*         0x0800372c        0x4 
 .text.chSysUnlock.lto_priv.44
                0x08003730       0x34 C:\Users\Luczia\AppData\Local\Temp\cciA3SFO.ltrans0.ltrans.o
 *fill*         0x08003764        0xc 
 .text.chThdGetSelfX.lto_priv.102
                0x08003770        0xc C:\Users\Luczia\AppData\Local\Temp\cciA3SFO.ltrans0.ltrans.o
 *fill*         0x0800377c        0x4 
 .text.chThdGetPriorityX.lto_priv.94
                0x08003780       0x10 C:\Users\Luczia\AppData\Local\Temp\cciA3SFO.ltrans0.ltrans.o
 .text.chEvtObjectInit
                0x08003790       0x10 C:\Users\Luczia\AppData\Local\Temp\cciA3SFO.ltrans0.ltrans.o
 .text.chEvtRegisterMask
                0x080037a0       0x20 C:\Users\Luczia\AppData\Local\Temp\cciA3SFO.ltrans0.ltrans.o
 .text.chEvtIsListeningI
                0x080037c0       0x1c C:\Users\Luczia\AppData\Local\Temp\cciA3SFO.ltrans0.ltrans.o
 *fill*         0x080037dc        0x4 
 .text.chEvtBroadcast
                0x080037e0       0x14 C:\Users\Luczia\AppData\Local\Temp\cciA3SFO.ltrans0.ltrans.o
 *fill*         0x080037f4        0xc 
 .text.osalSysLock.lto_priv.36
                0x08003800        0x8 C:\Users\Luczia\AppData\Local\Temp\cciA3SFO.ltrans0.ltrans.o
 *fill*         0x08003808        0x8 
 .text.osalSysUnlock.lto_priv.33
                0x08003810        0x8 C:\Users\Luczia\AppData\Local\Temp\cciA3SFO.ltrans0.ltrans.o
 *fill*         0x08003818        0x8 
 .text.h1       0x08003820       0x14 C:\Users\Luczia\AppData\Local\Temp\cciA3SFO.ltrans0.ltrans.o
 *fill*         0x08003834        0xc 
 .text.h2       0x08003840       0x14 C:\Users\Luczia\AppData\Local\Temp\cciA3SFO.ltrans0.ltrans.o
 *fill*         0x08003854        0xc 
 .text.h3       0x08003860       0x14 C:\Users\Luczia\AppData\Local\Temp\cciA3SFO.ltrans0.ltrans.o
 *fill*         0x08003874        0xc 
 .text.evt_thread3
                0x08003880       0x1c C:\Users\Luczia\AppData\Local\Temp\cciA3SFO.ltrans0.ltrans.o
 *fill*         0x0800389c        0x4 
 .text.evt_thread7
                0x080038a0       0x28 C:\Users\Luczia\AppData\Local\Temp\cciA3SFO.ltrans0.ltrans.o
 *fill*         0x080038c8        0x8 
 .text.rt_test_008_001_execute.lto_priv.784
                0x080038d0       0xe8 C:\Users\Luczia\AppData\Local\Temp\cciA3SFO.ltrans0.ltrans.o
                0x080038d0                rt_test_008_001_execute.lto_priv.784
 *fill*         0x080039b8        0x8 
 .text.rt_test_008_002_setup.lto_priv.785
                0x080039c0        0xc C:\Users\Luczia\AppData\Local\Temp\cciA3SFO.ltrans0.ltrans.o
                0x080039c0                rt_test_008_002_setup.lto_priv.785
 *fill*         0x080039cc        0x4 
 .text.rt_test_008_002_execute.lto_priv.786
                0x080039d0       0x2c C:\Users\Luczia\AppData\Local\Temp\cciA3SFO.ltrans0.ltrans.o
                0x080039d0                rt_test_008_002_execute.lto_priv.786
 *fill*         0x080039fc        0x4 
 .text.rt_test_008_003_setup.lto_priv.787
                0x08003a00        0xc C:\Users\Luczia\AppData\Local\Temp\cciA3SFO.ltrans0.ltrans.o
                0x08003a00                rt_test_008_003_setup.lto_priv.787
 *fill*         0x08003a0c        0x4 
 .text.rt_test_008_003_execute.lto_priv.788
                0x08003a10      0x178 C:\Users\Luczia\AppData\Local\Temp\cciA3SFO.ltrans0.ltrans.o
                0x08003a10                rt_test_008_003_execute.lto_priv.788
 *fill*         0x08003b88        0x8 
 .text.rt_test_008_004_setup.lto_priv.789
                0x08003b90        0xc C:\Users\Luczia\AppData\Local\Temp\cciA3SFO.ltrans0.ltrans.o
                0x08003b90                rt_test_008_004_setup.lto_priv.789
 *fill*         0x08003b9c        0x4 
 .text.rt_test_008_004_execute.lto_priv.790
                0x08003ba0      0x130 C:\Users\Luczia\AppData\Local\Temp\cciA3SFO.ltrans0.ltrans.o
                0x08003ba0                rt_test_008_004_execute.lto_priv.790
 .text.rt_test_008_005_setup.lto_priv.791
                0x08003cd0        0xc C:\Users\Luczia\AppData\Local\Temp\cciA3SFO.ltrans0.ltrans.o
                0x08003cd0                rt_test_008_005_setup.lto_priv.791
 *fill*         0x08003cdc        0x4 
 .text.rt_test_008_005_execute.lto_priv.792
                0x08003ce0      0x138 C:\Users\Luczia\AppData\Local\Temp\cciA3SFO.ltrans0.ltrans.o
                0x08003ce0                rt_test_008_005_execute.lto_priv.792
 *fill*         0x08003e18        0x8 
 .text.rt_test_008_006_setup.lto_priv.793
                0x08003e20        0xc C:\Users\Luczia\AppData\Local\Temp\cciA3SFO.ltrans0.ltrans.o
                0x08003e20                rt_test_008_006_setup.lto_priv.793
 *fill*         0x08003e2c        0x4 
 .text.rt_test_008_006_execute.lto_priv.794
                0x08003e30      0x104 C:\Users\Luczia\AppData\Local\Temp\cciA3SFO.ltrans0.ltrans.o
                0x08003e30                rt_test_008_006_execute.lto_priv.794
 *fill*         0x08003f34        0xc 
 .text.rt_test_008_007_setup.lto_priv.795
                0x08003f40       0x20 C:\Users\Luczia\AppData\Local\Temp\cciA3SFO.ltrans0.ltrans.o
                0x08003f40                rt_test_008_007_setup.lto_priv.795
 .text.rt_test_008_007_execute.lto_priv.796
                0x08003f60      0x148 C:\Users\Luczia\AppData\Local\Temp\cciA3SFO.ltrans0.ltrans.o
                0x08003f60                rt_test_008_007_execute.lto_priv.796
 *fill*         0x080040a8        0x8 
 .text.chThdGetSelfX.lto_priv.103
                0x080040b0        0xc C:\Users\Luczia\AppData\Local\Temp\cciA3SFO.ltrans0.ltrans.o
 *fill*         0x080040bc        0x4 
 .text.chThdGetPriorityX.lto_priv.95
                0x080040c0       0x10 C:\Users\Luczia\AppData\Local\Temp\cciA3SFO.ltrans0.ltrans.o
 .text.chPoolObjectInit.lto_priv.30
                0x080040d0       0x1c C:\Users\Luczia\AppData\Local\Temp\cciA3SFO.ltrans0.ltrans.o
 *fill*         0x080040ec        0x4 
 .text.dyn_thread1
                0x080040f0       0x18 C:\Users\Luczia\AppData\Local\Temp\cciA3SFO.ltrans0.ltrans.o
 *fill*         0x08004108        0x8 
 .text.rt_test_009_001_setup.lto_priv.797
                0x08004110       0x18 C:\Users\Luczia\AppData\Local\Temp\cciA3SFO.ltrans0.ltrans.o
                0x08004110                rt_test_009_001_setup.lto_priv.797
 *fill*         0x08004128        0x8 
 .text.rt_test_009_001_execute.lto_priv.798
                0x08004130      0x1d4 C:\Users\Luczia\AppData\Local\Temp\cciA3SFO.ltrans0.ltrans.o
                0x08004130                rt_test_009_001_execute.lto_priv.798
 *fill*         0x08004304        0xc 
 .text.rt_test_009_002_setup.lto_priv.799
                0x08004310       0x14 C:\Users\Luczia\AppData\Local\Temp\cciA3SFO.ltrans0.ltrans.o
                0x08004310                rt_test_009_002_setup.lto_priv.799
 *fill*         0x08004324        0xc 
 .text.rt_test_009_002_execute.lto_priv.800
                0x08004330      0x1d8 C:\Users\Luczia\AppData\Local\Temp\cciA3SFO.ltrans0.ltrans.o
                0x08004330                rt_test_009_002_execute.lto_priv.800
 *fill*         0x08004508        0x8 
 .text.chTimeAddX.lto_priv.124
                0x08004510       0x14 C:\Users\Luczia\AppData\Local\Temp\cciA3SFO.ltrans0.ltrans.o
 *fill*         0x08004524        0xc 
 .text.chTimeIsInRangeX
                0x08004530       0x24 C:\Users\Luczia\AppData\Local\Temp\cciA3SFO.ltrans0.ltrans.o
 *fill*         0x08004554        0xc 
 .text.port_lock.lto_priv.25
                0x08004560       0x10 C:\Users\Luczia\AppData\Local\Temp\cciA3SFO.ltrans0.ltrans.o
 .text.port_unlock.lto_priv.15
                0x08004570       0x10 C:\Users\Luczia\AppData\Local\Temp\cciA3SFO.ltrans0.ltrans.o
 .text.st_lld_get_counter.lto_priv.119
                0x08004580        0xc C:\Users\Luczia\AppData\Local\Temp\cciA3SFO.ltrans0.ltrans.o
 *fill*         0x0800458c        0x4 
 .text.port_timer_get_time.lto_priv.114
                0x08004590        0xc C:\Users\Luczia\AppData\Local\Temp\cciA3SFO.ltrans0.ltrans.o
 *fill*         0x0800459c        0x4 
 .text.chSysLock.lto_priv.81
                0x080045a0        0xc C:\Users\Luczia\AppData\Local\Temp\cciA3SFO.ltrans0.ltrans.o
 *fill*         0x080045ac        0x4 
 .text.chSysUnlock.lto_priv.45
                0x080045b0       0x34 C:\Users\Luczia\AppData\Local\Temp\cciA3SFO.ltrans0.ltrans.o
 *fill*         0x080045e4        0xc 
 .text.chVTGetSystemTimeX.lto_priv.109
                0x080045f0        0xc C:\Users\Luczia\AppData\Local\Temp\cciA3SFO.ltrans0.ltrans.o
 *fill*         0x080045fc        0x4 
 .text.chVTIsSystemTimeWithinX
                0x08004600       0x24 C:\Users\Luczia\AppData\Local\Temp\cciA3SFO.ltrans0.ltrans.o
 *fill*         0x08004624        0xc 
 .text.chThdGetSelfX.lto_priv.104
                0x08004630        0xc C:\Users\Luczia\AppData\Local\Temp\cciA3SFO.ltrans0.ltrans.o
 *fill*         0x0800463c        0x4 
 .text.chThdGetPriorityX.lto_priv.96
                0x08004640       0x10 C:\Users\Luczia\AppData\Local\Temp\cciA3SFO.ltrans0.ltrans.o
 .text.chThdShouldTerminateX
                0x08004650       0x20 C:\Users\Luczia\AppData\Local\Temp\cciA3SFO.ltrans0.ltrans.o
 .text.chMsgGet.lto_priv.86
                0x08004670       0x28 C:\Users\Luczia\AppData\Local\Temp\cciA3SFO.ltrans0.ltrans.o
 *fill*         0x08004698        0x8 
 .text.tmo      0x080046a0        0x8 C:\Users\Luczia\AppData\Local\Temp\cciA3SFO.ltrans0.ltrans.o
 *fill*         0x080046a8        0x8 
 .text.bmk_thread1
                0x080046b0       0x28 C:\Users\Luczia\AppData\Local\Temp\cciA3SFO.ltrans0.ltrans.o
 *fill*         0x080046d8        0x8 
 .text.msg_loop_test
                0x080046e0       0x4c C:\Users\Luczia\AppData\Local\Temp\cciA3SFO.ltrans0.ltrans.o
 *fill*         0x0800472c        0x4 
 .text.bmk_thread3
                0x08004730       0x14 C:\Users\Luczia\AppData\Local\Temp\cciA3SFO.ltrans0.ltrans.o
 *fill*         0x08004744        0xc 
 .text.bmk_thread4
                0x08004750       0x2c C:\Users\Luczia\AppData\Local\Temp\cciA3SFO.ltrans0.ltrans.o
 *fill*         0x0800477c        0x4 
 .text.bmk_thread7
                0x08004780       0x28 C:\Users\Luczia\AppData\Local\Temp\cciA3SFO.ltrans0.ltrans.o
 *fill*         0x080047a8        0x8 
 .text.bmk_thread8
                0x080047b0       0x38 C:\Users\Luczia\AppData\Local\Temp\cciA3SFO.ltrans0.ltrans.o
 *fill*         0x080047e8        0x8 
 .text.rt_test_010_001_execute.lto_priv.801
                0x080047f0       0x8c C:\Users\Luczia\AppData\Local\Temp\cciA3SFO.ltrans0.ltrans.o
                0x080047f0                rt_test_010_001_execute.lto_priv.801
 *fill*         0x0800487c        0x4 
 .text.rt_test_010_002_execute.lto_priv.802
                0x08004880       0x8c C:\Users\Luczia\AppData\Local\Temp\cciA3SFO.ltrans0.ltrans.o
                0x08004880                rt_test_010_002_execute.lto_priv.802
 *fill*         0x0800490c        0x4 
 .text.rt_test_010_003_execute.lto_priv.803
                0x08004910      0x11c C:\Users\Luczia\AppData\Local\Temp\cciA3SFO.ltrans0.ltrans.o
                0x08004910                rt_test_010_003_execute.lto_priv.803
 *fill*         0x08004a2c        0x4 
 .text.rt_test_010_004_execute.lto_priv.804
                0x08004a30       0xe0 C:\Users\Luczia\AppData\Local\Temp\cciA3SFO.ltrans0.ltrans.o
                0x08004a30                rt_test_010_004_execute.lto_priv.804
 .text.rt_test_010_005_execute.lto_priv.805
                0x08004b10       0x8c C:\Users\Luczia\AppData\Local\Temp\cciA3SFO.ltrans0.ltrans.o
                0x08004b10                rt_test_010_005_execute.lto_priv.805
 *fill*         0x08004b9c        0x4 
 .text.rt_test_010_006_execute.lto_priv.806
                0x08004ba0       0x8c C:\Users\Luczia\AppData\Local\Temp\cciA3SFO.ltrans0.ltrans.o
                0x08004ba0                rt_test_010_006_execute.lto_priv.806
 *fill*         0x08004c2c        0x4 
 .text.rt_test_010_007_setup.lto_priv.807
                0x08004c30       0x10 C:\Users\Luczia\AppData\Local\Temp\cciA3SFO.ltrans0.ltrans.o
                0x08004c30                rt_test_010_007_setup.lto_priv.807
 .text.rt_test_010_007_execute.lto_priv.808
                0x08004c40      0x154 C:\Users\Luczia\AppData\Local\Temp\cciA3SFO.ltrans0.ltrans.o
                0x08004c40                rt_test_010_007_execute.lto_priv.808
 *fill*         0x08004d94        0xc 
 .text.rt_test_010_008_execute.lto_priv.809
                0x08004da0      0x108 C:\Users\Luczia\AppData\Local\Temp\cciA3SFO.ltrans0.ltrans.o
                0x08004da0                rt_test_010_008_execute.lto_priv.809
 *fill*         0x08004ea8        0x8 
 .text.rt_test_010_009_execute.lto_priv.810
                0x08004eb0       0x9c C:\Users\Luczia\AppData\Local\Temp\cciA3SFO.ltrans0.ltrans.o
                0x08004eb0                rt_test_010_009_execute.lto_priv.810
 *fill*         0x08004f4c        0x4 
 .text.rt_test_010_010_setup.lto_priv.811
                0x08004f50       0x10 C:\Users\Luczia\AppData\Local\Temp\cciA3SFO.ltrans0.ltrans.o
                0x08004f50                rt_test_010_010_setup.lto_priv.811
 .text.rt_test_010_010_execute.lto_priv.812
                0x08004f60       0x98 C:\Users\Luczia\AppData\Local\Temp\cciA3SFO.ltrans0.ltrans.o
                0x08004f60                rt_test_010_010_execute.lto_priv.812
 *fill*         0x08004ff8        0x8 
 .text.rt_test_010_011_setup.lto_priv.813
                0x08005000       0x10 C:\Users\Luczia\AppData\Local\Temp\cciA3SFO.ltrans0.ltrans.o
                0x08005000                rt_test_010_011_setup.lto_priv.813
 .text.rt_test_010_011_execute.lto_priv.814
                0x08005010       0x98 C:\Users\Luczia\AppData\Local\Temp\cciA3SFO.ltrans0.ltrans.o
                0x08005010                rt_test_010_011_execute.lto_priv.814
 *fill*         0x080050a8        0x8 
 .text.rt_test_010_012_execute.lto_priv.815
                0x080050b0      0x10c C:\Users\Luczia\AppData\Local\Temp\cciA3SFO.ltrans0.ltrans.o
                0x080050b0                rt_test_010_012_execute.lto_priv.815
 *fill*         0x080051bc        0x4 
 .text.port_lock.lto_priv.26
                0x080051c0       0x10 C:\Users\Luczia\AppData\Local\Temp\cciA3SFO.ltrans0.ltrans.o
 .text.port_unlock.lto_priv.16
                0x080051d0       0x10 C:\Users\Luczia\AppData\Local\Temp\cciA3SFO.ltrans0.ltrans.o
 .text.chSysLock.lto_priv.82
                0x080051e0        0xc C:\Users\Luczia\AppData\Local\Temp\cciA3SFO.ltrans0.ltrans.o
 *fill*         0x080051ec        0x4 
 .text.chSysUnlock.lto_priv.46
                0x080051f0       0x34 C:\Users\Luczia\AppData\Local\Temp\cciA3SFO.ltrans0.ltrans.o
 *fill*         0x08005224        0xc 
 .text.chMBGetSizeI
                0x08005230       0x18 C:\Users\Luczia\AppData\Local\Temp\cciA3SFO.ltrans0.ltrans.o
 *fill*         0x08005248        0x8 
 .text.chMBGetUsedCountI
                0x08005250       0x18 C:\Users\Luczia\AppData\Local\Temp\cciA3SFO.ltrans0.ltrans.o
 *fill*         0x08005268        0x8 
 .text.chMBGetFreeCountI
                0x08005270       0x24 C:\Users\Luczia\AppData\Local\Temp\cciA3SFO.ltrans0.ltrans.o
 *fill*         0x08005294        0xc 
 .text.chMBResumeX
                0x080052a0       0x10 C:\Users\Luczia\AppData\Local\Temp\cciA3SFO.ltrans0.ltrans.o
 .text.osalSysLock.lto_priv.37
                0x080052b0        0x8 C:\Users\Luczia\AppData\Local\Temp\cciA3SFO.ltrans0.ltrans.o
 *fill*         0x080052b8        0x8 
 .text.osalSysUnlock.lto_priv.34
                0x080052c0        0x8 C:\Users\Luczia\AppData\Local\Temp\cciA3SFO.ltrans0.ltrans.o
 *fill*         0x080052c8        0x8 
 .text.oslib_test_001_001_setup.lto_priv.709
                0x080052d0       0x18 C:\Users\Luczia\AppData\Local\Temp\cciA3SFO.ltrans0.ltrans.o
                0x080052d0                oslib_test_001_001_setup.lto_priv.709
 *fill*         0x080052e8        0x8 
 .text.oslib_test_001_001_teardown.lto_priv.710
                0x080052f0       0x10 C:\Users\Luczia\AppData\Local\Temp\cciA3SFO.ltrans0.ltrans.o
                0x080052f0                oslib_test_001_001_teardown.lto_priv.710
 .text.oslib_test_001_001_execute.lto_priv.711
                0x08005300      0x444 C:\Users\Luczia\AppData\Local\Temp\cciA3SFO.ltrans0.ltrans.o
                0x08005300                oslib_test_001_001_execute.lto_priv.711
 *fill*         0x08005744        0xc 
 .text.oslib_test_001_002_setup.lto_priv.712
                0x08005750       0x18 C:\Users\Luczia\AppData\Local\Temp\cciA3SFO.ltrans0.ltrans.o
                0x08005750                oslib_test_001_002_setup.lto_priv.712
 *fill*         0x08005768        0x8 
 .text.oslib_test_001_002_teardown.lto_priv.713
                0x08005770       0x10 C:\Users\Luczia\AppData\Local\Temp\cciA3SFO.ltrans0.ltrans.o
                0x08005770                oslib_test_001_002_teardown.lto_priv.713
 .text.oslib_test_001_002_execute.lto_priv.714
                0x08005780      0x3c8 C:\Users\Luczia\AppData\Local\Temp\cciA3SFO.ltrans0.ltrans.o
                0x08005780                oslib_test_001_002_execute.lto_priv.714
 *fill*         0x08005b48        0x8 
 .text.oslib_test_001_003_setup.lto_priv.715
                0x08005b50       0x18 C:\Users\Luczia\AppData\Local\Temp\cciA3SFO.ltrans0.ltrans.o
                0x08005b50                oslib_test_001_003_setup.lto_priv.715
 *fill*         0x08005b68        0x8 
 .text.oslib_test_001_003_teardown.lto_priv.716
                0x08005b70       0x10 C:\Users\Luczia\AppData\Local\Temp\cciA3SFO.ltrans0.ltrans.o
                0x08005b70                oslib_test_001_003_teardown.lto_priv.716
 .text.oslib_test_001_003_execute.lto_priv.717
                0x08005b80      0x180 C:\Users\Luczia\AppData\Local\Temp\cciA3SFO.ltrans0.ltrans.o
                0x08005b80                oslib_test_001_003_execute.lto_priv.717
 .text.chPipeResume
                0x08005d00       0x10 C:\Users\Luczia\AppData\Local\Temp\cciA3SFO.ltrans0.ltrans.o
 .text.oslib_test_002_001_setup.lto_priv.718
                0x08005d10       0x18 C:\Users\Luczia\AppData\Local\Temp\cciA3SFO.ltrans0.ltrans.o
                0x08005d10                oslib_test_002_001_setup.lto_priv.718
 *fill*         0x08005d28        0x8 
 .text.oslib_test_002_001_execute.lto_priv.719
                0x08005d30      0x6c4 C:\Users\Luczia\AppData\Local\Temp\cciA3SFO.ltrans0.ltrans.o
                0x08005d30                oslib_test_002_001_execute.lto_priv.719
 *fill*         0x080063f4        0xc 
 .text.oslib_test_002_002_setup.lto_priv.720
                0x08006400       0x18 C:\Users\Luczia\AppData\Local\Temp\cciA3SFO.ltrans0.ltrans.o
                0x08006400                oslib_test_002_002_setup.lto_priv.720
 *fill*         0x08006418        0x8 
 .text.oslib_test_002_002_execute.lto_priv.721
                0x08006420       0xec C:\Users\Luczia\AppData\Local\Temp\cciA3SFO.ltrans0.ltrans.o
                0x08006420                oslib_test_002_002_execute.lto_priv.721
 *fill*         0x0800650c        0x4 
 .text.chPoolObjectInit.lto_priv.31
                0x08006510       0x1c C:\Users\Luczia\AppData\Local\Temp\cciA3SFO.ltrans0.ltrans.o
 *fill*         0x0800652c        0x4 
 .text.chGuardedPoolObjectInit
                0x08006530       0x18 C:\Users\Luczia\AppData\Local\Temp\cciA3SFO.ltrans0.ltrans.o
 *fill*         0x08006548        0x8 
 .text.null_provider
                0x08006550       0x10 C:\Users\Luczia\AppData\Local\Temp\cciA3SFO.ltrans0.ltrans.o
 .text.oslib_test_003_001_setup.lto_priv.722
                0x08006560       0x14 C:\Users\Luczia\AppData\Local\Temp\cciA3SFO.ltrans0.ltrans.o
                0x08006560                oslib_test_003_001_setup.lto_priv.722
 *fill*         0x08006574        0xc 
 .text.oslib_test_003_001_execute.lto_priv.723
                0x08006580      0x144 C:\Users\Luczia\AppData\Local\Temp\cciA3SFO.ltrans0.ltrans.o
                0x08006580                oslib_test_003_001_execute.lto_priv.723
 *fill*         0x080066c4        0xc 
 .text.oslib_test_003_002_setup.lto_priv.724
                0x080066d0       0x10 C:\Users\Luczia\AppData\Local\Temp\cciA3SFO.ltrans0.ltrans.o
                0x080066d0                oslib_test_003_002_setup.lto_priv.724
 .text.oslib_test_003_002_execute.lto_priv.725
                0x080066e0      0x114 C:\Users\Luczia\AppData\Local\Temp\cciA3SFO.ltrans0.ltrans.o
                0x080066e0                oslib_test_003_002_execute.lto_priv.725
 *fill*         0x080067f4        0xc 
 .text.oslib_test_003_003_setup.lto_priv.726
                0x08006800       0x10 C:\Users\Luczia\AppData\Local\Temp\cciA3SFO.ltrans0.ltrans.o
                0x08006800                oslib_test_003_003_setup.lto_priv.726
 .text.oslib_test_003_003_execute.lto_priv.727
                0x08006810       0x34 C:\Users\Luczia\AppData\Local\Temp\cciA3SFO.ltrans0.ltrans.o
                0x08006810                oslib_test_003_003_execute.lto_priv.727
 *fill*         0x08006844        0xc 
 .text.chHeapAlloc
                0x08006850       0x1c C:\Users\Luczia\AppData\Local\Temp\cciA3SFO.ltrans0.ltrans.o
 *fill*         0x0800686c        0x4 
 .text.oslib_test_004_001_setup.lto_priv.728
                0x08006870       0x18 C:\Users\Luczia\AppData\Local\Temp\cciA3SFO.ltrans0.ltrans.o
                0x08006870                oslib_test_004_001_setup.lto_priv.728
 *fill*         0x08006888        0x8 
 .text.oslib_test_004_001_execute.lto_priv.729
                0x08006890      0x3f0 C:\Users\Luczia\AppData\Local\Temp\cciA3SFO.ltrans0.ltrans.o
                0x08006890                oslib_test_004_001_execute.lto_priv.729
 .text.oslib_test_004_002_execute.lto_priv.730
                0x08006c80       0x80 C:\Users\Luczia\AppData\Local\Temp\cciA3SFO.ltrans0.ltrans.o
                0x08006c80                oslib_test_004_002_execute.lto_priv.730
 .text.chFactoryDuplicateReference
                0x08006d00       0x18 C:\Users\Luczia\AppData\Local\Temp\cciA3SFO.ltrans0.ltrans.o
 *fill*         0x08006d18        0x8 
 .text.oslib_test_005_001_teardown.lto_priv.731
                0x08006d20       0x2c C:\Users\Luczia\AppData\Local\Temp\cciA3SFO.ltrans0.ltrans.o
                0x08006d20                oslib_test_005_001_teardown.lto_priv.731
 *fill*         0x08006d4c        0x4 
 .text.oslib_test_005_001_execute.lto_priv.732
                0x08006d50      0x214 C:\Users\Luczia\AppData\Local\Temp\cciA3SFO.ltrans0.ltrans.o
                0x08006d50                oslib_test_005_001_execute.lto_priv.732
 *fill*         0x08006f64        0xc 
 .text.oslib_test_005_002_teardown.lto_priv.733
                0x08006f70       0x2c C:\Users\Luczia\AppData\Local\Temp\cciA3SFO.ltrans0.ltrans.o
                0x08006f70                oslib_test_005_002_teardown.lto_priv.733
 *fill*         0x08006f9c        0x4 
 .text.oslib_test_005_002_execute.lto_priv.734
                0x08006fa0      0x1c0 C:\Users\Luczia\AppData\Local\Temp\cciA3SFO.ltrans0.ltrans.o
                0x08006fa0                oslib_test_005_002_execute.lto_priv.734
 .text.oslib_test_005_003_teardown.lto_priv.735
                0x08007160       0x2c C:\Users\Luczia\AppData\Local\Temp\cciA3SFO.ltrans0.ltrans.o
                0x08007160                oslib_test_005_003_teardown.lto_priv.735
 *fill*         0x0800718c        0x4 
 .text.oslib_test_005_003_execute.lto_priv.736
                0x08007190      0x1c0 C:\Users\Luczia\AppData\Local\Temp\cciA3SFO.ltrans0.ltrans.o
                0x08007190                oslib_test_005_003_execute.lto_priv.736
 .text.oslib_test_005_004_teardown.lto_priv.737
                0x08007350       0x2c C:\Users\Luczia\AppData\Local\Temp\cciA3SFO.ltrans0.ltrans.o
                0x08007350                oslib_test_005_004_teardown.lto_priv.737
 *fill*         0x0800737c        0x4 
 .text.oslib_test_005_004_execute.lto_priv.738
                0x08007380      0x1c0 C:\Users\Luczia\AppData\Local\Temp\cciA3SFO.ltrans0.ltrans.o
                0x08007380                oslib_test_005_004_execute.lto_priv.738
 .text.oslib_test_005_005_teardown.lto_priv.739
                0x08007540       0x2c C:\Users\Luczia\AppData\Local\Temp\cciA3SFO.ltrans0.ltrans.o
                0x08007540                oslib_test_005_005_teardown.lto_priv.739
 *fill*         0x0800756c        0x4 
 .text.oslib_test_005_005_execute.lto_priv.740
                0x08007570      0x1c8 C:\Users\Luczia\AppData\Local\Temp\cciA3SFO.ltrans0.ltrans.o
                0x08007570                oslib_test_005_005_execute.lto_priv.740
 *fill*         0x08007738        0x8 
 .text.oslib_test_005_006_teardown.lto_priv.741
                0x08007740       0x2c C:\Users\Luczia\AppData\Local\Temp\cciA3SFO.ltrans0.ltrans.o
                0x08007740                oslib_test_005_006_teardown.lto_priv.741
 *fill*         0x0800776c        0x4 
 .text.oslib_test_005_006_execute.lto_priv.742
                0x08007770      0x1c0 C:\Users\Luczia\AppData\Local\Temp\cciA3SFO.ltrans0.ltrans.o
                0x08007770                oslib_test_005_006_execute.lto_priv.742
 .text.cmd_write
                0x08007930       0x5c C:\Users\Luczia\AppData\Local\Temp\cciA3SFO.ltrans0.ltrans.o
 *fill*         0x0800798c        0x4 
 .text.cmd_led  0x08007990       0x34 C:\Users\Luczia\AppData\Local\Temp\cciA3SFO.ltrans0.ltrans.o
 *fill*         0x080079c4        0xc 
 .text.cmd_spi  0x080079d0       0x3c C:\Users\Luczia\AppData\Local\Temp\cciA3SFO.ltrans0.ltrans.o
 *fill*         0x08007a0c        0x4 
 .text.port_lock.lto_priv.27
                0x08007a10       0x10 C:\Users\Luczia\AppData\Local\Temp\cciA3SFO.ltrans0.ltrans.o
 .text.port_unlock.lto_priv.17
                0x08007a20       0x10 C:\Users\Luczia\AppData\Local\Temp\cciA3SFO.ltrans0.ltrans.o
 .text.port_lock_from_isr.lto_priv.7
                0x08007a30        0x8 C:\Users\Luczia\AppData\Local\Temp\cciA3SFO.ltrans0.ltrans.o
 *fill*         0x08007a38        0x8 
 .text.port_unlock_from_isr.lto_priv.5
                0x08007a40        0x8 C:\Users\Luczia\AppData\Local\Temp\cciA3SFO.ltrans0.ltrans.o
 *fill*         0x08007a48        0x8 
 .text.chSysLockFromISR.lto_priv.3
                0x08007a50        0xc C:\Users\Luczia\AppData\Local\Temp\cciA3SFO.ltrans0.ltrans.o
 *fill*         0x08007a5c        0x4 
 .text.chSysUnlockFromISR.lto_priv.1
                0x08007a60        0xc C:\Users\Luczia\AppData\Local\Temp\cciA3SFO.ltrans0.ltrans.o
 *fill*         0x08007a6c        0x4 
 .text.osalSysLockFromISR
                0x08007a70        0x8 C:\Users\Luczia\AppData\Local\Temp\cciA3SFO.ltrans0.ltrans.o
 *fill*         0x08007a78        0x8 
 .text.osalSysUnlockFromISR
                0x08007a80        0x8 C:\Users\Luczia\AppData\Local\Temp\cciA3SFO.ltrans0.ltrans.o
 *fill*         0x08007a88        0x8 
 .text.get_descriptor
                0x08007a90       0x5c C:\Users\Luczia\AppData\Local\Temp\cciA3SFO.ltrans0.ltrans.o
 *fill*         0x08007aec        0x4 
 .text.usb_event
                0x08007af0       0x8c C:\Users\Luczia\AppData\Local\Temp\cciA3SFO.ltrans0.ltrans.o
 *fill*         0x08007b7c        0x4 
 .text.sof_handler
                0x08007b80       0x20 C:\Users\Luczia\AppData\Local\Temp\cciA3SFO.ltrans0.ltrans.o
 .text._ZN8IcHausMuC2Eh
                0x08007ba0       0x98 C:\Users\Luczia\AppData\Local\Temp\cciA3SFO.ltrans0.ltrans.o
 *fill*         0x08007c38        0x8 
 .text._ZN8IcHausMu16csFunctionAttachEPFvbE
                0x08007c40       0x14 C:\Users\Luczia\AppData\Local\Temp\cciA3SFO.ltrans0.ltrans.o
 *fill*         0x08007c54        0xc 
 .text._ZN8IcHausMu20streamFunctionAttachEPFvPhS0_jE
                0x08007c60       0x14 C:\Users\Luczia\AppData\Local\Temp\cciA3SFO.ltrans0.ltrans.o
 *fill*         0x08007c74        0xc 
 .text._ZN8IcHausMu11icMuRegSizeE12icMuRegister
                0x08007c80       0x50 C:\Users\Luczia\AppData\Local\Temp\cciA3SFO.ltrans0.ltrans.o
 .text._ZN8IcHausMu16getLastByteValueEv
                0x08007cd0       0x10 C:\Users\Luczia\AppData\Local\Temp\cciA3SFO.ltrans0.ltrans.o
 .text._ZN8IcHausMu19getLastUint_16ValueEv
                0x08007ce0       0x24 C:\Users\Luczia\AppData\Local\Temp\cciA3SFO.ltrans0.ltrans.o
 *fill*         0x08007d04        0xc 
 .text._ZN8IcHausMu16readIcMuRegisterE12icMuRegister
                0x08007d10       0x48 C:\Users\Luczia\AppData\Local\Temp\cciA3SFO.ltrans0.ltrans.o
 *fill*         0x08007d58        0x8 
 .text._ZN8IcHausMu20readIcMuRegister_leuE12icMuRegisterP10uint64_leu
                0x08007d60       0xcc C:\Users\Luczia\AppData\Local\Temp\cciA3SFO.ltrans0.ltrans.o
 *fill*         0x08007e2c        0x4 
 .text._ZN8IcHausMu17writeIcMuRegisterE12icMuRegisterh
                0x08007e30       0x48 C:\Users\Luczia\AppData\Local\Temp\cciA3SFO.ltrans0.ltrans.o
 *fill*         0x08007e78        0x8 
 .text._ZN8IcHausMu21writeIcMuRegister_leuE12icMuRegisterP10uint64_leu
                0x08007e80      0x188 C:\Users\Luczia\AppData\Local\Temp\cciA3SFO.ltrans0.ltrans.o
 *fill*         0x08008008        0x8 
 .text._ZN8IcHausMu4initEv
                0x08008010       0x88 C:\Users\Luczia\AppData\Local\Temp\cciA3SFO.ltrans0.ltrans.o
 *fill*         0x08008098        0x8 
 .text._ZN8IcHausMu16setAutomaticGainEh
                0x080080a0       0x48 C:\Users\Luczia\AppData\Local\Temp\cciA3SFO.ltrans0.ltrans.o
 *fill*         0x080080e8        0x8 
 .text._ZN8IcHausMu7readPosEP8uint16_u
                0x080080f0       0x4c C:\Users\Luczia\AppData\Local\Temp\cciA3SFO.ltrans0.ltrans.o
 *fill*         0x0800813c        0x4 
 .text._ZN8IcHausMu14_readRegStatusEv
                0x08008140       0x94 C:\Users\Luczia\AppData\Local\Temp\cciA3SFO.ltrans0.ltrans.o
 *fill*         0x080081d4        0xc 
 .text._ZN8IcHausMu13_readRegisterEhjPh
                0x080081e0       0xd0 C:\Users\Luczia\AppData\Local\Temp\cciA3SFO.ltrans0.ltrans.o
 .text._ZN8IcHausMu14_writeRegisterEhjPh
                0x080082b0       0xc4 C:\Users\Luczia\AppData\Local\Temp\cciA3SFO.ltrans0.ltrans.o
 *fill*         0x08008374        0xc 
 .text._ZN8IcHausMu9_readSdadEjPh
                0x08008380       0x88 C:\Users\Luczia\AppData\Local\Temp\cciA3SFO.ltrans0.ltrans.o
 *fill*         0x08008408        0x8 
 .text._ZL18chRegSetThreadNamePKc
                0x08008410       0x14 C:\Users\Luczia\AppData\Local\Temp\cciA3SFO.ltrans0.ltrans.o
 *fill*         0x08008424        0xc 
 .text._ZN10chibios_rt6System4initEv
                0x08008430        0x8 C:\Users\Luczia\AppData\Local\Temp\cciA3SFO.ltrans0.ltrans.o
 *fill*         0x08008438        0x8 
 .text._ZN10chibios_rt10BaseThread5sleepEm
                0x08008440       0x14 C:\Users\Luczia\AppData\Local\Temp\cciA3SFO.ltrans0.ltrans.o
 *fill*         0x08008454        0xc 
 .text.test     0x08008460        0x4 C:\Users\Luczia\AppData\Local\Temp\cciA3SFO.ltrans0.ltrans.o
 *fill*         0x08008464        0xc 
 .text.basicSpiComTest
                0x08008470       0xa0 C:\Users\Luczia\AppData\Local\Temp\cciA3SFO.ltrans0.ltrans.o
 .text.ChangeCS
                0x08008510       0x2c C:\Users\Luczia\AppData\Local\Temp\cciA3SFO.ltrans0.ltrans.o
 *fill*         0x0800853c        0x4 
 .text.TransferIcMU
                0x08008540       0x20 C:\Users\Luczia\AppData\Local\Temp\cciA3SFO.ltrans0.ltrans.o
 .text._ZL7Thread2Pv
                0x08008560       0x6c C:\Users\Luczia\AppData\Local\Temp\cciA3SFO.ltrans0.ltrans.o
 *fill*         0x080085cc        0x4 
 .text._ZL7Thread1Pv
                0x080085d0      0x174 C:\Users\Luczia\AppData\Local\Temp\cciA3SFO.ltrans0.ltrans.o
 *fill*         0x08008744        0xc 
 .text._ZL7Thread3Pv
                0x08008750       0x38 C:\Users\Luczia\AppData\Local\Temp\cciA3SFO.ltrans0.ltrans.o
 *fill*         0x08008788        0x8 
 .text.main     0x08008790      0x234 C:\Users\Luczia\AppData\Local\Temp\cciA3SFO.ltrans0.ltrans.o
                0x08008790                main
 *fill*         0x080089c4        0xc 
 .text._Z41__static_initialization_and_destruction_0ii
                0x080089d0       0x2c C:\Users\Luczia\AppData\Local\Temp\cciA3SFO.ltrans0.ltrans.o
 *fill*         0x080089fc        0x4 
 .text._GLOBAL__sub_I_encoder
                0x08008a00       0x10 C:\Users\Luczia\AppData\Local\Temp\cciA3SFO.ltrans0.ltrans.o
 .text.__core_init
                0x08008a10        0x4 C:\Users\Luczia\AppData\Local\Temp\cciA3SFO.ltrans1.ltrans.o
                0x08008a10                __core_init
 *fill*         0x08008a14        0xc 
 .text.__late_init
                0x08008a20        0x4 C:\Users\Luczia\AppData\Local\Temp\cciA3SFO.ltrans1.ltrans.o
                0x08008a20                __late_init
 *fill*         0x08008a24        0xc 
 .text.__default_exit
                0x08008a30        0x4 C:\Users\Luczia\AppData\Local\Temp\cciA3SFO.ltrans1.ltrans.o
                0x08008a30                __default_exit
 *fill*         0x08008a34        0xc 
 .text.__init_ram_areas
                0x08008a40       0x64 C:\Users\Luczia\AppData\Local\Temp\cciA3SFO.ltrans1.ltrans.o
                0x08008a40                __init_ram_areas
 *fill*         0x08008aa4        0xc 
 .text.osalInit
                0x08008ab0        0x4 C:\Users\Luczia\AppData\Local\Temp\cciA3SFO.ltrans1.ltrans.o
 *fill*         0x08008ab4        0xc 
 .text.halInit  0x08008ac0       0x2c C:\Users\Luczia\AppData\Local\Temp\cciA3SFO.ltrans1.ltrans.o
                0x08008ac0                halInit
 *fill*         0x08008aec        0x4 
 .text.st_lld_start_alarm
                0x08008af0       0x20 C:\Users\Luczia\AppData\Local\Temp\cciA3SFO.ltrans1.ltrans.o
 .text.st_lld_stop_alarm
                0x08008b10        0xc C:\Users\Luczia\AppData\Local\Temp\cciA3SFO.ltrans1.ltrans.o
 *fill*         0x08008b1c        0x4 
 .text.st_lld_set_alarm
                0x08008b20       0x10 C:\Users\Luczia\AppData\Local\Temp\cciA3SFO.ltrans1.ltrans.o
 .text.st_lld_is_alarm_active
                0x08008b30       0x18 C:\Users\Luczia\AppData\Local\Temp\cciA3SFO.ltrans1.ltrans.o
 *fill*         0x08008b48        0x8 
 .text.stInit   0x08008b50        0x8 C:\Users\Luczia\AppData\Local\Temp\cciA3SFO.ltrans1.ltrans.o
 *fill*         0x08008b58        0x8 
 .text.stStartAlarm
                0x08008b60       0x28 C:\Users\Luczia\AppData\Local\Temp\cciA3SFO.ltrans1.ltrans.o
 *fill*         0x08008b88        0x8 
 .text.stStopAlarm
                0x08008b90        0x8 C:\Users\Luczia\AppData\Local\Temp\cciA3SFO.ltrans1.ltrans.o
 *fill*         0x08008b98        0x8 
 .text.stSetAlarm
                0x08008ba0       0x2c C:\Users\Luczia\AppData\Local\Temp\cciA3SFO.ltrans1.ltrans.o
 *fill*         0x08008bcc        0x4 
 .text.port_lock.lto_priv.381
                0x08008bd0       0x10 C:\Users\Luczia\AppData\Local\Temp\cciA3SFO.ltrans1.ltrans.o
 .text.port_unlock.lto_priv.350
                0x08008be0       0x10 C:\Users\Luczia\AppData\Local\Temp\cciA3SFO.ltrans1.ltrans.o
 .text.queue_init.lto_priv.460
                0x08008bf0       0x14 C:\Users\Luczia\AppData\Local\Temp\cciA3SFO.ltrans1.ltrans.o
 *fill*         0x08008c04        0xc 
 .text.chSysLock.lto_priv.313
                0x08008c10        0xc C:\Users\Luczia\AppData\Local\Temp\cciA3SFO.ltrans1.ltrans.o
 *fill*         0x08008c1c        0x4 
 .text.chSysUnlock.lto_priv.289
                0x08008c20       0x34 C:\Users\Luczia\AppData\Local\Temp\cciA3SFO.ltrans1.ltrans.o
 *fill*         0x08008c54        0xc 
 .text.chThdQueueObjectInit.lto_priv.457
                0x08008c60       0x14 C:\Users\Luczia\AppData\Local\Temp\cciA3SFO.ltrans1.ltrans.o
 *fill*         0x08008c74        0xc 
 .text.osalSysLock.lto_priv.274
                0x08008c80        0x8 C:\Users\Luczia\AppData\Local\Temp\cciA3SFO.ltrans1.ltrans.o
 *fill*         0x08008c88        0x8 
 .text.osalSysUnlock.lto_priv.265
                0x08008c90        0x8 C:\Users\Luczia\AppData\Local\Temp\cciA3SFO.ltrans1.ltrans.o
 *fill*         0x08008c98        0x8 
 .text.osalThreadQueueObjectInit.lto_priv.632
                0x08008ca0       0x14 C:\Users\Luczia\AppData\Local\Temp\cciA3SFO.ltrans1.ltrans.o
 *fill*         0x08008cb4        0xc 
 .text.osalThreadEnqueueTimeoutS.lto_priv.630
                0x08008cc0       0x1c C:\Users\Luczia\AppData\Local\Temp\cciA3SFO.ltrans1.ltrans.o
 *fill*         0x08008cdc        0x4 
 .text.osalThreadDequeueNextI.lto_priv.628
                0x08008ce0       0x18 C:\Users\Luczia\AppData\Local\Temp\cciA3SFO.ltrans1.ltrans.o
 *fill*         0x08008cf8        0x8 
 .text.osalThreadDequeueAllI.lto_priv.614
                0x08008d00       0x18 C:\Users\Luczia\AppData\Local\Temp\cciA3SFO.ltrans1.ltrans.o
 *fill*         0x08008d18        0x8 
 .text.ibqObjectInit
                0x08008d20       0x94 C:\Users\Luczia\AppData\Local\Temp\cciA3SFO.ltrans1.ltrans.o
 *fill*         0x08008db4        0xc 
 .text.ibqResetI
                0x08008dc0       0x40 C:\Users\Luczia\AppData\Local\Temp\cciA3SFO.ltrans1.ltrans.o
 .text.ibqGetEmptyBufferI
                0x08008e00       0x40 C:\Users\Luczia\AppData\Local\Temp\cciA3SFO.ltrans1.ltrans.o
 .text.ibqPostFullBufferI
                0x08008e40       0x98 C:\Users\Luczia\AppData\Local\Temp\cciA3SFO.ltrans1.ltrans.o
 *fill*         0x08008ed8        0x8 
 .text.ibqGetFullBufferTimeoutS
                0x08008ee0       0x70 C:\Users\Luczia\AppData\Local\Temp\cciA3SFO.ltrans1.ltrans.o
 .text.ibqReleaseEmptyBufferS
                0x08008f50       0x64 C:\Users\Luczia\AppData\Local\Temp\cciA3SFO.ltrans1.ltrans.o
 *fill*         0x08008fb4        0xc 
 .text.ibqGetTimeout
                0x08008fc0       0x60 C:\Users\Luczia\AppData\Local\Temp\cciA3SFO.ltrans1.ltrans.o
 .text.ibqReadTimeout
                0x08009020       0xf0 C:\Users\Luczia\AppData\Local\Temp\cciA3SFO.ltrans1.ltrans.o
 .text.obqObjectInit
                0x08009110       0x94 C:\Users\Luczia\AppData\Local\Temp\cciA3SFO.ltrans1.ltrans.o
 *fill*         0x080091a4        0xc 
 .text.obqResetI
                0x080091b0       0x40 C:\Users\Luczia\AppData\Local\Temp\cciA3SFO.ltrans1.ltrans.o
 .text.obqGetFullBufferI
                0x080091f0       0x4c C:\Users\Luczia\AppData\Local\Temp\cciA3SFO.ltrans1.ltrans.o
 *fill*         0x0800923c        0x4 
 .text.obqReleaseEmptyBufferI
                0x08009240       0x74 C:\Users\Luczia\AppData\Local\Temp\cciA3SFO.ltrans1.ltrans.o
 *fill*         0x080092b4        0xc 
 .text.obqGetEmptyBufferTimeoutS
                0x080092c0       0x70 C:\Users\Luczia\AppData\Local\Temp\cciA3SFO.ltrans1.ltrans.o
 .text.obqPostFullBufferS
                0x08009330       0x88 C:\Users\Luczia\AppData\Local\Temp\cciA3SFO.ltrans1.ltrans.o
 *fill*         0x080093b8        0x8 
 .text.obqPutTimeout
                0x080093c0       0x70 C:\Users\Luczia\AppData\Local\Temp\cciA3SFO.ltrans1.ltrans.o
 .text.obqWriteTimeout
                0x08009430       0xf8 C:\Users\Luczia\AppData\Local\Temp\cciA3SFO.ltrans1.ltrans.o
 *fill*         0x08009528        0x8 
 .text.obqTryFlushI
                0x08009530       0x94 C:\Users\Luczia\AppData\Local\Temp\cciA3SFO.ltrans1.ltrans.o
 *fill*         0x080095c4        0xc 
 .text.port_lock.lto_priv.382
                0x080095d0       0x10 C:\Users\Luczia\AppData\Local\Temp\cciA3SFO.ltrans1.ltrans.o
 .text.port_unlock.lto_priv.351
                0x080095e0       0x10 C:\Users\Luczia\AppData\Local\Temp\cciA3SFO.ltrans1.ltrans.o
 .text.queue_init.lto_priv.461
                0x080095f0       0x14 C:\Users\Luczia\AppData\Local\Temp\cciA3SFO.ltrans1.ltrans.o
 *fill*         0x08009604        0xc 
 .text.chSysLock.lto_priv.314
                0x08009610        0xc C:\Users\Luczia\AppData\Local\Temp\cciA3SFO.ltrans1.ltrans.o
 *fill*         0x0800961c        0x4 
 .text.chSysUnlock.lto_priv.290
                0x08009620       0x34 C:\Users\Luczia\AppData\Local\Temp\cciA3SFO.ltrans1.ltrans.o
 *fill*         0x08009654        0xc 
 .text.chThdQueueObjectInit.lto_priv.458
                0x08009660       0x14 C:\Users\Luczia\AppData\Local\Temp\cciA3SFO.ltrans1.ltrans.o
 *fill*         0x08009674        0xc 
 .text.osalSysLock.lto_priv.275
                0x08009680        0x8 C:\Users\Luczia\AppData\Local\Temp\cciA3SFO.ltrans1.ltrans.o
 *fill*         0x08009688        0x8 
 .text.osalSysUnlock.lto_priv.266
                0x08009690        0x8 C:\Users\Luczia\AppData\Local\Temp\cciA3SFO.ltrans1.ltrans.o
 *fill*         0x08009698        0x8 
 .text.osalThreadQueueObjectInit.lto_priv.633
                0x080096a0       0x14 C:\Users\Luczia\AppData\Local\Temp\cciA3SFO.ltrans1.ltrans.o
 *fill*         0x080096b4        0xc 
 .text.osalThreadEnqueueTimeoutS.lto_priv.631
                0x080096c0       0x1c C:\Users\Luczia\AppData\Local\Temp\cciA3SFO.ltrans1.ltrans.o
 *fill*         0x080096dc        0x4 
 .text.osalThreadDequeueNextI.lto_priv.629
                0x080096e0       0x18 C:\Users\Luczia\AppData\Local\Temp\cciA3SFO.ltrans1.ltrans.o
 *fill*         0x080096f8        0x8 
 .text.iq_read  0x08009700       0xcc C:\Users\Luczia\AppData\Local\Temp\cciA3SFO.ltrans1.ltrans.o
 *fill*         0x080097cc        0x4 
 .text.oq_write
                0x080097d0       0xcc C:\Users\Luczia\AppData\Local\Temp\cciA3SFO.ltrans1.ltrans.o
 *fill*         0x0800989c        0x4 
 .text.iqObjectInit
                0x080098a0       0x48 C:\Users\Luczia\AppData\Local\Temp\cciA3SFO.ltrans1.ltrans.o
 *fill*         0x080098e8        0x8 
 .text.iqPutI   0x080098f0       0x84 C:\Users\Luczia\AppData\Local\Temp\cciA3SFO.ltrans1.ltrans.o
 *fill*         0x08009974        0xc 
 .text.iqGetTimeout
                0x08009980       0x80 C:\Users\Luczia\AppData\Local\Temp\cciA3SFO.ltrans1.ltrans.o
 .text.iqReadTimeout
                0x08009a00       0x90 C:\Users\Luczia\AppData\Local\Temp\cciA3SFO.ltrans1.ltrans.o
 .text.oqObjectInit
                0x08009a90       0x48 C:\Users\Luczia\AppData\Local\Temp\cciA3SFO.ltrans1.ltrans.o
 *fill*         0x08009ad8        0x8 
 .text.oqPutTimeout
                0x08009ae0       0x84 C:\Users\Luczia\AppData\Local\Temp\cciA3SFO.ltrans1.ltrans.o
                0x08009ae0                oqPutTimeout
 *fill*         0x08009b64        0xc 
 .text.oqGetI   0x08009b70       0x80 C:\Users\Luczia\AppData\Local\Temp\cciA3SFO.ltrans1.ltrans.o
 .text.oqWriteTimeout
                0x08009bf0       0x90 C:\Users\Luczia\AppData\Local\Temp\cciA3SFO.ltrans1.ltrans.o
                0x08009bf0                oqWriteTimeout
 .text.port_lock.lto_priv.383
                0x08009c80       0x10 C:\Users\Luczia\AppData\Local\Temp\cciA3SFO.ltrans1.ltrans.o
 .text.port_unlock.lto_priv.352
                0x08009c90       0x10 C:\Users\Luczia\AppData\Local\Temp\cciA3SFO.ltrans1.ltrans.o
 .text.chSysLock.lto_priv.315
                0x08009ca0        0xc C:\Users\Luczia\AppData\Local\Temp\cciA3SFO.ltrans1.ltrans.o
 *fill*         0x08009cac        0x4 
 .text.chSysUnlock.lto_priv.291
                0x08009cb0       0x34 C:\Users\Luczia\AppData\Local\Temp\cciA3SFO.ltrans1.ltrans.o
 *fill*         0x08009ce4        0xc 
 .text.osalSysLock.lto_priv.276
                0x08009cf0        0x8 C:\Users\Luczia\AppData\Local\Temp\cciA3SFO.ltrans1.ltrans.o
 *fill*         0x08009cf8        0x8 
 .text.osalSysUnlock.lto_priv.267
                0x08009d00        0x8 C:\Users\Luczia\AppData\Local\Temp\cciA3SFO.ltrans1.ltrans.o
 *fill*         0x08009d08        0x8 
 .text.pwmInit  0x08009d10        0x8 C:\Users\Luczia\AppData\Local\Temp\cciA3SFO.ltrans1.ltrans.o
 *fill*         0x08009d18        0x8 
 .text.pwmObjectInit
                0x08009d20       0x20 C:\Users\Luczia\AppData\Local\Temp\cciA3SFO.ltrans1.ltrans.o
 .text.pwmStart
                0x08009d40       0x64 C:\Users\Luczia\AppData\Local\Temp\cciA3SFO.ltrans1.ltrans.o
                0x08009d40                pwmStart
 *fill*         0x08009da4        0xc 
 .text.pwmChangePeriod
                0x08009db0       0x44 C:\Users\Luczia\AppData\Local\Temp\cciA3SFO.ltrans1.ltrans.o
                0x08009db0                pwmChangePeriod
 *fill*         0x08009df4        0xc 
 .text.pwmEnableChannel
                0x08009e00       0x68 C:\Users\Luczia\AppData\Local\Temp\cciA3SFO.ltrans1.ltrans.o
                0x08009e00                pwmEnableChannel
 *fill*         0x08009e68        0x8 
 .text.port_lock.lto_priv.384
                0x08009e70       0x10 C:\Users\Luczia\AppData\Local\Temp\cciA3SFO.ltrans1.ltrans.o
 .text.port_unlock.lto_priv.353
                0x08009e80       0x10 C:\Users\Luczia\AppData\Local\Temp\cciA3SFO.ltrans1.ltrans.o
 .text.chSysLock.lto_priv.316
                0x08009e90        0xc C:\Users\Luczia\AppData\Local\Temp\cciA3SFO.ltrans1.ltrans.o
 *fill*         0x08009e9c        0x4 
 .text.chSysUnlock.lto_priv.292
                0x08009ea0       0x34 C:\Users\Luczia\AppData\Local\Temp\cciA3SFO.ltrans1.ltrans.o
 *fill*         0x08009ed4        0xc 
 .text.chEvtObjectInit.lto_priv.420
                0x08009ee0       0x10 C:\Users\Luczia\AppData\Local\Temp\cciA3SFO.ltrans1.ltrans.o
 .text.osalSysLock.lto_priv.277
                0x08009ef0        0x8 C:\Users\Luczia\AppData\Local\Temp\cciA3SFO.ltrans1.ltrans.o
 *fill*         0x08009ef8        0x8 
 .text.osalSysUnlock.lto_priv.268
                0x08009f00        0x8 C:\Users\Luczia\AppData\Local\Temp\cciA3SFO.ltrans1.ltrans.o
 *fill*         0x08009f08        0x8 
 .text.osalEventObjectInit.lto_priv.612
                0x08009f10       0x14 C:\Users\Luczia\AppData\Local\Temp\cciA3SFO.ltrans1.ltrans.o
 *fill*         0x08009f24        0xc 
 .text.osalEventBroadcastFlagsI.lto_priv.546
                0x08009f30       0x18 C:\Users\Luczia\AppData\Local\Temp\cciA3SFO.ltrans1.ltrans.o
 *fill*         0x08009f48        0x8 
 .text._write.lto_priv.241
                0x08009f50       0x28 C:\Users\Luczia\AppData\Local\Temp\cciA3SFO.ltrans1.ltrans.o
                0x08009f50                _write.lto_priv.241
 *fill*         0x08009f78        0x8 
 .text._read.lto_priv.243
                0x08009f80       0x28 C:\Users\Luczia\AppData\Local\Temp\cciA3SFO.ltrans1.ltrans.o
                0x08009f80                _read.lto_priv.243
 *fill*         0x08009fa8        0x8 
 .text._put.lto_priv.153
                0x08009fb0       0x28 C:\Users\Luczia\AppData\Local\Temp\cciA3SFO.ltrans1.ltrans.o
                0x08009fb0                _put.lto_priv.153
 *fill*         0x08009fd8        0x8 
 .text._get.lto_priv.156
                0x08009fe0       0x20 C:\Users\Luczia\AppData\Local\Temp\cciA3SFO.ltrans1.ltrans.o
                0x08009fe0                _get.lto_priv.156
 .text._putt.lto_priv.245
                0x0800a000       0x28 C:\Users\Luczia\AppData\Local\Temp\cciA3SFO.ltrans1.ltrans.o
                0x0800a000                _putt.lto_priv.245
 *fill*         0x0800a028        0x8 
 .text._gett.lto_priv.247
                0x0800a030       0x20 C:\Users\Luczia\AppData\Local\Temp\cciA3SFO.ltrans1.ltrans.o
                0x0800a030                _gett.lto_priv.247
 .text._writet.lto_priv.249
                0x0800a050       0x28 C:\Users\Luczia\AppData\Local\Temp\cciA3SFO.ltrans1.ltrans.o
                0x0800a050                _writet.lto_priv.249
 *fill*         0x0800a078        0x8 
 .text._readt.lto_priv.251
                0x0800a080       0x28 C:\Users\Luczia\AppData\Local\Temp\cciA3SFO.ltrans1.ltrans.o
                0x0800a080                _readt.lto_priv.251
 *fill*         0x0800a0a8        0x8 
 .text._ctl.lto_priv.253
                0x0800a0b0       0x48 C:\Users\Luczia\AppData\Local\Temp\cciA3SFO.ltrans1.ltrans.o
                0x0800a0b0                _ctl.lto_priv.253
 *fill*         0x0800a0f8        0x8 
 .text.sdInit   0x0800a100        0x8 C:\Users\Luczia\AppData\Local\Temp\cciA3SFO.ltrans1.ltrans.o
 *fill*         0x0800a108        0x8 
 .text.sdObjectInit
                0x0800a110       0x5c C:\Users\Luczia\AppData\Local\Temp\cciA3SFO.ltrans1.ltrans.o
 *fill*         0x0800a16c        0x4 
 .text.sdStart  0x0800a170       0x4c C:\Users\Luczia\AppData\Local\Temp\cciA3SFO.ltrans1.ltrans.o
                0x0800a170                sdStart
 *fill*         0x0800a1bc        0x4 
 .text.sdIncomingDataI
                0x0800a1c0       0x60 C:\Users\Luczia\AppData\Local\Temp\cciA3SFO.ltrans1.ltrans.o
 .text.port_lock.lto_priv.385
                0x0800a220       0x10 C:\Users\Luczia\AppData\Local\Temp\cciA3SFO.ltrans1.ltrans.o
 .text.port_unlock.lto_priv.354
                0x0800a230       0x10 C:\Users\Luczia\AppData\Local\Temp\cciA3SFO.ltrans1.ltrans.o
 .text.port_lock_from_isr.lto_priv.434
                0x0800a240        0x8 C:\Users\Luczia\AppData\Local\Temp\cciA3SFO.ltrans1.ltrans.o
 *fill*         0x0800a248        0x8 
 .text.port_unlock_from_isr.lto_priv.423
                0x0800a250        0x8 C:\Users\Luczia\AppData\Local\Temp\cciA3SFO.ltrans1.ltrans.o
 *fill*         0x0800a258        0x8 
 .text.chSysLock.lto_priv.317
                0x0800a260        0xc C:\Users\Luczia\AppData\Local\Temp\cciA3SFO.ltrans1.ltrans.o
 *fill*         0x0800a26c        0x4 
 .text.chSysUnlock.lto_priv.293
                0x0800a270       0x34 C:\Users\Luczia\AppData\Local\Temp\cciA3SFO.ltrans1.ltrans.o
 *fill*         0x0800a2a4        0xc 
 .text.chSysLockFromISR.lto_priv.527
                0x0800a2b0        0xc C:\Users\Luczia\AppData\Local\Temp\cciA3SFO.ltrans1.ltrans.o
 *fill*         0x0800a2bc        0x4 
 .text.chSysUnlockFromISR.lto_priv.519
                0x0800a2c0        0xc C:\Users\Luczia\AppData\Local\Temp\cciA3SFO.ltrans1.ltrans.o
 *fill*         0x0800a2cc        0x4 
 .text.chEvtObjectInit.lto_priv.421
                0x0800a2d0       0x10 C:\Users\Luczia\AppData\Local\Temp\cciA3SFO.ltrans1.ltrans.o
 .text.osalSysLock.lto_priv.278
                0x0800a2e0        0x8 C:\Users\Luczia\AppData\Local\Temp\cciA3SFO.ltrans1.ltrans.o
 *fill*         0x0800a2e8        0x8 
 .text.osalSysUnlock.lto_priv.269
                0x0800a2f0        0x8 C:\Users\Luczia\AppData\Local\Temp\cciA3SFO.ltrans1.ltrans.o
 *fill*         0x0800a2f8        0x8 
 .text.osalSysLockFromISR.lto_priv.555
                0x0800a300        0x8 C:\Users\Luczia\AppData\Local\Temp\cciA3SFO.ltrans1.ltrans.o
 *fill*         0x0800a308        0x8 
 .text.osalSysUnlockFromISR.lto_priv.549
                0x0800a310        0x8 C:\Users\Luczia\AppData\Local\Temp\cciA3SFO.ltrans1.ltrans.o
 *fill*         0x0800a318        0x8 
 .text.osalThreadDequeueAllI.lto_priv.616
                0x0800a320       0x18 C:\Users\Luczia\AppData\Local\Temp\cciA3SFO.ltrans1.ltrans.o
 *fill*         0x0800a338        0x8 
 .text.osalEventObjectInit.lto_priv.613
                0x0800a340       0x14 C:\Users\Luczia\AppData\Local\Temp\cciA3SFO.ltrans1.ltrans.o
 *fill*         0x0800a354        0xc 
 .text.osalEventBroadcastFlagsI.lto_priv.547
                0x0800a360       0x18 C:\Users\Luczia\AppData\Local\Temp\cciA3SFO.ltrans1.ltrans.o
 *fill*         0x0800a378        0x8 
 .text.sdu_start_receive
                0x0800a380       0x80 C:\Users\Luczia\AppData\Local\Temp\cciA3SFO.ltrans1.ltrans.o
 .text._write.lto_priv.242
                0x0800a400       0x28 C:\Users\Luczia\AppData\Local\Temp\cciA3SFO.ltrans1.ltrans.o
                0x0800a400                _write.lto_priv.242
 *fill*         0x0800a428        0x8 
 .text._read.lto_priv.244
                0x0800a430       0x28 C:\Users\Luczia\AppData\Local\Temp\cciA3SFO.ltrans1.ltrans.o
                0x0800a430                _read.lto_priv.244
 *fill*         0x0800a458        0x8 
 .text._put.lto_priv.154
                0x0800a460       0x28 C:\Users\Luczia\AppData\Local\Temp\cciA3SFO.ltrans1.ltrans.o
                0x0800a460                _put.lto_priv.154
 *fill*         0x0800a488        0x8 
 .text._get.lto_priv.157
                0x0800a490       0x20 C:\Users\Luczia\AppData\Local\Temp\cciA3SFO.ltrans1.ltrans.o
                0x0800a490                _get.lto_priv.157
 .text._putt.lto_priv.246
                0x0800a4b0       0x28 C:\Users\Luczia\AppData\Local\Temp\cciA3SFO.ltrans1.ltrans.o
                0x0800a4b0                _putt.lto_priv.246
 *fill*         0x0800a4d8        0x8 
 .text._gett.lto_priv.248
                0x0800a4e0       0x20 C:\Users\Luczia\AppData\Local\Temp\cciA3SFO.ltrans1.ltrans.o
                0x0800a4e0                _gett.lto_priv.248
 .text._writet.lto_priv.250
                0x0800a500       0x28 C:\Users\Luczia\AppData\Local\Temp\cciA3SFO.ltrans1.ltrans.o
                0x0800a500                _writet.lto_priv.250
 *fill*         0x0800a528        0x8 
 .text._readt.lto_priv.252
                0x0800a530       0x28 C:\Users\Luczia\AppData\Local\Temp\cciA3SFO.ltrans1.ltrans.o
                0x0800a530                _readt.lto_priv.252
 *fill*         0x0800a558        0x8 
 .text._ctl.lto_priv.254
                0x0800a560       0x48 C:\Users\Luczia\AppData\Local\Temp\cciA3SFO.ltrans1.ltrans.o
                0x0800a560                _ctl.lto_priv.254
 *fill*         0x0800a5a8        0x8 
 .text.ibnotify
                0x0800a5b0       0x18 C:\Users\Luczia\AppData\Local\Temp\cciA3SFO.ltrans1.ltrans.o
 *fill*         0x0800a5c8        0x8 
 .text.obnotify
                0x0800a5d0       0x88 C:\Users\Luczia\AppData\Local\Temp\cciA3SFO.ltrans1.ltrans.o
 *fill*         0x0800a658        0x8 
 .text.sduInit  0x0800a660        0x4 C:\Users\Luczia\AppData\Local\Temp\cciA3SFO.ltrans1.ltrans.o
 *fill*         0x0800a664        0xc 
 .text.sduObjectInit
                0x0800a670       0x74 C:\Users\Luczia\AppData\Local\Temp\cciA3SFO.ltrans1.ltrans.o
                0x0800a670                sduObjectInit
 *fill*         0x0800a6e4        0xc 
 .text.sduStart
                0x0800a6f0       0x8c C:\Users\Luczia\AppData\Local\Temp\cciA3SFO.ltrans1.ltrans.o
                0x0800a6f0                sduStart
 *fill*         0x0800a77c        0x4 
 .text.sduSuspendHookI
                0x0800a780       0x54 C:\Users\Luczia\AppData\Local\Temp\cciA3SFO.ltrans1.ltrans.o
                0x0800a780                sduSuspendHookI
 *fill*         0x0800a7d4        0xc 
 .text.sduWakeupHookI
                0x0800a7e0       0x28 C:\Users\Luczia\AppData\Local\Temp\cciA3SFO.ltrans1.ltrans.o
                0x0800a7e0                sduWakeupHookI
 *fill*         0x0800a808        0x8 
 .text.sduConfigureHookI
                0x0800a810       0x40 C:\Users\Luczia\AppData\Local\Temp\cciA3SFO.ltrans1.ltrans.o
                0x0800a810                sduConfigureHookI
 .text.sduRequestsHook
                0x0800a850       0x78 C:\Users\Luczia\AppData\Local\Temp\cciA3SFO.ltrans1.ltrans.o
                0x0800a850                sduRequestsHook
 *fill*         0x0800a8c8        0x8 
 .text.sduSOFHookI
                0x0800a8d0       0x8c C:\Users\Luczia\AppData\Local\Temp\cciA3SFO.ltrans1.ltrans.o
                0x0800a8d0                sduSOFHookI
 *fill*         0x0800a95c        0x4 
 .text.sduDataTransmitted
                0x0800a960       0xdc C:\Users\Luczia\AppData\Local\Temp\cciA3SFO.ltrans1.ltrans.o
                0x0800a960                sduDataTransmitted
 *fill*         0x0800aa3c        0x4 
 .text.sduDataReceived
                0x0800aa40       0x74 C:\Users\Luczia\AppData\Local\Temp\cciA3SFO.ltrans1.ltrans.o
                0x0800aa40                sduDataReceived
 *fill*         0x0800aab4        0xc 
 .text.sduInterruptTransmitted
                0x0800aac0       0x10 C:\Users\Luczia\AppData\Local\Temp\cciA3SFO.ltrans1.ltrans.o
                0x0800aac0                sduInterruptTransmitted
 .text.port_lock.lto_priv.386
                0x0800aad0       0x10 C:\Users\Luczia\AppData\Local\Temp\cciA3SFO.ltrans1.ltrans.o
 .text.port_unlock.lto_priv.355
                0x0800aae0       0x10 C:\Users\Luczia\AppData\Local\Temp\cciA3SFO.ltrans1.ltrans.o
 .text.chSysLock.lto_priv.318
                0x0800aaf0        0xc C:\Users\Luczia\AppData\Local\Temp\cciA3SFO.ltrans1.ltrans.o
 *fill*         0x0800aafc        0x4 
 .text.chSysUnlock.lto_priv.294
                0x0800ab00       0x34 C:\Users\Luczia\AppData\Local\Temp\cciA3SFO.ltrans1.ltrans.o
 *fill*         0x0800ab34        0xc 
 .text.osalSysLock.lto_priv.279
                0x0800ab40        0x8 C:\Users\Luczia\AppData\Local\Temp\cciA3SFO.ltrans1.ltrans.o
 *fill*         0x0800ab48        0x8 
 .text.osalSysUnlock.lto_priv.270
                0x0800ab50        0x8 C:\Users\Luczia\AppData\Local\Temp\cciA3SFO.ltrans1.ltrans.o
 *fill*         0x0800ab58        0x8 
 .text.osalThreadSuspendS
                0x0800ab60       0x1c C:\Users\Luczia\AppData\Local\Temp\cciA3SFO.ltrans1.ltrans.o
 *fill*         0x0800ab7c        0x4 
 .text.osalMutexObjectInit
                0x0800ab80       0x14 C:\Users\Luczia\AppData\Local\Temp\cciA3SFO.ltrans1.ltrans.o
 *fill*         0x0800ab94        0xc 
 .text.osalMutexLock
                0x0800aba0       0x14 C:\Users\Luczia\AppData\Local\Temp\cciA3SFO.ltrans1.ltrans.o
 *fill*         0x0800abb4        0xc 
 .text.osalMutexUnlock
                0x0800abc0       0x14 C:\Users\Luczia\AppData\Local\Temp\cciA3SFO.ltrans1.ltrans.o
 *fill*         0x0800abd4        0xc 
 .text.spiInit  0x0800abe0        0x8 C:\Users\Luczia\AppData\Local\Temp\cciA3SFO.ltrans1.ltrans.o
 *fill*         0x0800abe8        0x8 
 .text.spiObjectInit
                0x0800abf0       0x28 C:\Users\Luczia\AppData\Local\Temp\cciA3SFO.ltrans1.ltrans.o
 *fill*         0x0800ac18        0x8 
 .text.spiStart
                0x0800ac20       0x54 C:\Users\Luczia\AppData\Local\Temp\cciA3SFO.ltrans1.ltrans.o
                0x0800ac20                spiStart
 *fill*         0x0800ac74        0xc 
 .text.spiSelect
                0x0800ac80       0x48 C:\Users\Luczia\AppData\Local\Temp\cciA3SFO.ltrans1.ltrans.o
                0x0800ac80                spiSelect
 *fill*         0x0800acc8        0x8 
 .text.spiUnselect
                0x0800acd0       0x48 C:\Users\Luczia\AppData\Local\Temp\cciA3SFO.ltrans1.ltrans.o
                0x0800acd0                spiUnselect
 *fill*         0x0800ad18        0x8 
 .text.spiExchange
                0x0800ad20       0x80 C:\Users\Luczia\AppData\Local\Temp\cciA3SFO.ltrans1.ltrans.o
                0x0800ad20                spiExchange
 .text.spiAcquireBus
                0x0800ada0       0x28 C:\Users\Luczia\AppData\Local\Temp\cciA3SFO.ltrans1.ltrans.o
                0x0800ada0                spiAcquireBus
 *fill*         0x0800adc8        0x8 
 .text.spiReleaseBus
                0x0800add0       0x28 C:\Users\Luczia\AppData\Local\Temp\cciA3SFO.ltrans1.ltrans.o
                0x0800add0                spiReleaseBus
 *fill*         0x0800adf8        0x8 
 .text.port_lock.lto_priv.387
                0x0800ae00       0x10 C:\Users\Luczia\AppData\Local\Temp\cciA3SFO.ltrans1.ltrans.o
 .text.port_unlock.lto_priv.356
                0x0800ae10       0x10 C:\Users\Luczia\AppData\Local\Temp\cciA3SFO.ltrans1.ltrans.o
 .text.port_lock_from_isr.lto_priv.435